Component: ARM Compiler 5.06 update 6 (build 750) Tool: armlink [4d35ed]

==============================================================================

Section Cross References

    main.o(.text) refers to _printf_percent.o(.ARM.Collect$$_printf_percent$$00000000) for _printf_percent
    main.o(.text) refers to _printf_d.o(.ARM.Collect$$_printf_percent$$00000009) for _printf_d
    main.o(.text) refers to _printf_f.o(.ARM.Collect$$_printf_percent$$00000003) for _printf_f
    main.o(.text) refers to _printf_dec.o(.text) for _printf_int_dec
    main.o(.text) refers to printf1.o(x$fpl$printf1) for _printf_fp_dec
    main.o(.text) refers to driver.o(.text) for driver_init
    main.o(.text) refers to mpu9250.o(.text) for imu_init
    main.o(.text) refers to f2d.o(x$fpl$f2d) for __aeabi_f2d
    main.o(.text) refers to noretval__2printf.o(.text) for __2printf
    main.o(.text) refers to mpu9250.o(.data) for imu
    system_stm32f4xx.o(.text) refers to system_stm32f4xx.o(.data) for SystemCoreClock
    driver.o(.text) refers to misc.o(.text) for NVIC_PriorityGroupConfig
    driver.o(.text) refers to delay.o(.text) for delay_init
    driver.o(.text) refers to usart.o(.text) for uart_init
    driver.o(.text) refers to led.o(.text) for LED_Init
    driver.o(.text) refers to timer.o(.text) for TIM2_Configuration
    led.o(.text) refers to stm32f4xx_rcc.o(.text) for RCC_AHB1PeriphClockCmd
    led.o(.text) refers to stm32f4xx_gpio.o(.text) for GPIO_Init
    myiic.o(.text) refers to stm32f4xx_rcc.o(.text) for RCC_AHB1PeriphClockCmd
    myiic.o(.text) refers to stm32f4xx_gpio.o(.text) for GPIO_Init
    myiic.o(.text) refers to delay.o(.text) for delay_us
    mpu9250.o(.text) refers to myiic.o(.text) for IIC_Start
    mpu9250.o(.text) refers to delay.o(.text) for delay_ms
    mpu9250.o(.text) refers to noretval__2printf.o(.text) for __2printf
    mpu9250.o(.text) refers to mpu9250.o(.data) for imu
    mpu9250.o(.text) refers to mpu9250.o(.bss) for MPU6050_FIFO
    mpu9250.o(.text) refers to dflt_clz.o(x$fpl$dflt) for __aeabi_i2d
    mpu9250.o(.text) refers to fabs.o(i.__hardfp_fabs) for __hardfp_fabs
    mpu9250.o(.text) refers to drleqf.o(x$fpl$drleqf) for __aeabi_cdrcmple
    mpu9250.o(.text) refers to timer.o(.text) for Get_Time_Micros
    mpu9250.o(.text) refers to f2d.o(x$fpl$f2d) for __aeabi_f2d
    mpu9250.o(.text) refers to sqrt.o(i.__hardfp_sqrt) for __hardfp_sqrt
    mpu9250.o(.text) refers to d2f.o(x$fpl$d2f) for __aeabi_d2f
    mpu9250.o(.text) refers to atan2.o(i.__hardfp_atan2) for __hardfp_atan2
    mpu9250.o(.text) refers to basic.o(x$fpl$basic) for __aeabi_dneg
    mpu9250.o(.text) refers to dmul.o(x$fpl$dmul) for __aeabi_dmul
    mpu9250.o(.text) refers to asin.o(i.__hardfp_asin) for __hardfp_asin
    timer.o(.text) refers to stm32f4xx_rcc.o(.text) for RCC_APB1PeriphClockCmd
    timer.o(.text) refers to stm32f4xx_tim.o(.text) for TIM_ARRPreloadConfig
    delay.o(.text) refers to misc.o(.text) for SysTick_CLKSourceConfig
    delay.o(.text) refers to delay.o(.data) for fac_us
    usart.o(.rev16_text) refers (Special) to use_no_semi_2.o(.text) for __use_no_semihosting
    usart.o(.revsh_text) refers (Special) to use_no_semi_2.o(.text) for __use_no_semihosting
    usart.o(.text) refers (Special) to use_no_semi_2.o(.text) for __use_no_semihosting
    usart.o(.text) refers to _printf_percent.o(.ARM.Collect$$_printf_percent$$00000000) for _printf_percent
    usart.o(.text) refers to _printf_d.o(.ARM.Collect$$_printf_percent$$00000009) for _printf_d
    usart.o(.text) refers to _printf_dec.o(.text) for _printf_int_dec
    usart.o(.text) refers to stm32f4xx_rcc.o(.text) for RCC_AHB1PeriphClockCmd
    usart.o(.text) refers to stm32f4xx_gpio.o(.text) for GPIO_PinAFConfig
    usart.o(.text) refers to stm32f4xx_usart.o(.text) for USART_Init
    usart.o(.text) refers to misc.o(.text) for NVIC_Init
    usart.o(.text) refers to noretval__2printf.o(.text) for __2printf
    usart.o(.text) refers to usart.o(.data) for USART_RX_STA
    usart.o(.text) refers to usart.o(.bss) for USART_RX_BUF
    usart.o(.bss) refers (Special) to use_no_semi_2.o(.text) for __use_no_semihosting
    usart.o(.data) refers (Special) to use_no_semi_2.o(.text) for __use_no_semihosting
    startup_stm32f40_41xxx.o(STACK) refers (Special) to heapauxi.o(.text) for __use_two_region_memory
    startup_stm32f40_41xxx.o(HEAP) refers (Special) to heapauxi.o(.text) for __use_two_region_memory
    startup_stm32f40_41xxx.o(RESET) refers (Special) to heapauxi.o(.text) for __use_two_region_memory
    startup_stm32f40_41xxx.o(RESET) refers to startup_stm32f40_41xxx.o(STACK) for __initial_sp
    startup_stm32f40_41xxx.o(RESET) refers to startup_stm32f40_41xxx.o(.text) for Reset_Handler
    startup_stm32f40_41xxx.o(RESET) refers to stm32f4xx_it.o(.text) for NMI_Handler
    startup_stm32f40_41xxx.o(RESET) refers to timer.o(.text) for TIM2_IRQHandler
    startup_stm32f40_41xxx.o(RESET) refers to usart.o(.text) for USART1_IRQHandler
[...]
    .text                                    0x08002ff8   Section        0  stm32f4xx_tim.o(.text)
    TI4_Config                               0x08003797   Thumb Code    80  stm32f4xx_tim.o(.text)
    TI3_Config                               0x080037f9   Thumb Code    72  stm32f4xx_tim.o(.text)
    TI2_Config                               0x0800385b   Thumb Code    90  stm32f4xx_tim.o(.text)
    TI1_Config                               0x080038c7   Thumb Code    58  stm32f4xx_tim.o(.text)
    .text                                    0x08003c9a   Section        2  use_no_semi_2.o(.text)
    .text                                    0x08003c9c   Section        0  noretval__2printf.o(.text)
    .text                                    0x08003cb4   Section        0  __printf.o(.text)
    .text                                    0x08003d1c   Section        0  _printf_dec.o(.text)
    .text                                    0x08003d94   Section        0  heapauxi.o(.text)
    .text                                    0x08003d9a   Section        2  use_no_semi.o(.text)
    .text                                    0x08003d9c   Section        0  _rserrno.o(.text)
    .text                                    0x08003db2   Section        0  _printf_intcommon.o(.text)
    .text                                    0x08003e64   Section        0  _printf_fp_dec.o(.text)
    _fp_digits                               0x08003e67   Thumb Code   432  _printf_fp_dec.o(.text)
    .text                                    0x08004284   Section        0  _printf_char_file.o(.text)
    .text                                    0x080042a8   Section        8  rt_locale_intlibspace.o(.text)
    .text                                    0x080042b0   Section        8  rt_errno_addr_intlibspace.o(.text)
    .text                                    0x080042b8   Section      138  lludiv10.o(.text)
    .text                                    0x08004344   Section        0  _printf_char_common.o(.text)
    _printf_input_char                       0x08004345   Thumb Code    10  _printf_char_common.o(.text)
    .text                                    0x08004374   Section        0  _printf_fp_infnan.o(.text)
    .text                                    0x080043f4   Section        0  bigflt0.o(.text)
    .text                                    0x080044d8   Section        0  ferror.o(.text)
    .text                                    0x080044e0   Section        8  libspace.o(.text)
    .text                                    0x080044e8   Section       74  sys_stackheap_outer.o(.text)
    .text                                    0x08004532   Section        0  exit.o(.text)
    .text                                    0x08004544   Section      128  strcmpv7m.o(.text)
    CL$$btod_d2e                             0x080045c4   Section       62  btod.o(CL$$btod_d2e)
    CL$$btod_d2e_denorm_low                  0x08004602   Section       70  btod.o(CL$$btod_d2e_denorm_low)
    CL$$btod_d2e_norm_op1                    0x08004648   Section       96  btod.o(CL$$btod_d2e_norm_op1)
    CL$$btod_div_common                      0x080046a8   Section      824  btod.o(CL$$btod_div_common)
    CL$$btod_e2e                             0x080049e0   Section      220  btod.o(CL$$btod_e2e)
    CL$$btod_ediv                            0x08004abc   Section       42  btod.o(CL$$btod_ediv)
    CL$$btod_emul                            0x08004ae6   Section       42  btod.o(CL$$btod_emul)
    CL$$btod_mult_common                     0x08004b10   Section      580  btod.o(CL$$btod_mult_common)
    i.__ARM_fpclassify                       0x08004d54   Section        0  fpclassify.o(i.__ARM_fpclassify)
    i.__hardfp_asin                          0x08004d88   Section        0  asin.o(i.__hardfp_asin)
    i.__hardfp_atan                          0x080050e8   Section        0  atan.o(i.__hardfp_atan)
    i.__hardfp_atan2                         0x080053c0   Section        0  atan2.o(i.__hardfp_atan2)
    i.__hardfp_fabs                          0x080055b0   Section        0  fabs.o(i.__hardfp_fabs)
    i.__hardfp_sqrt                          0x080055c4   Section        0  sqrt.o(i.__hardfp_sqrt)
    i.__kernel_poly                          0x0800563e   Section        0  poly.o(i.__kernel_poly)
    i.__mathlib_dbl_infnan                   0x08005736   Section        0  dunder.o(i.__mathlib_dbl_infnan)
    i.__mathlib_dbl_infnan2                  0x0800574a   Section        0  dunder.o(i.__mathlib_dbl_infnan2)
    i.__mathlib_dbl_invalid                  0x08005760   Section        0  dunder.o(i.__mathlib_dbl_invalid)
    i.__mathlib_dbl_underflow                0x08005780   Section        0  dunder.o(i.__mathlib_dbl_underflow)
    i.atan                                   0x080057a0   Section        0  atan.o(i.atan)
    i.fabs                                   0x080057b0   Section        0  fabs.o(i.fabs)
    i.sqrt                                   0x080057c8   Section        0  sqrt.o(i.sqrt)
    locale$$code                             0x08005838   Section       44  lc_numeric_c.o(locale$$code)
    x$fpl$basic                              0x08005864   Section       24  basic.o(x$fpl$basic)
    $v0                                      0x08005864   Number         0  basic.o(x$fpl$basic)
    x$fpl$d2f                                0x0800587c   Section       98  d2f.o(x$fpl$d2f)
    $v0                                      0x0800587c   Number         0  d2f.o(x$fpl$d2f)
    x$fpl$dadd                               0x080058e0   Section      336  daddsub_clz.o(x$fpl$dadd)
    $v0                                      0x080058e0   Number         0  daddsub_clz.o(x$fpl$dadd)
    _dadd1                                   0x080058f1   Thumb Code     0  daddsub_clz.o(x$fpl$dadd)
    x$fpl$dcmpinf                            0x08005a30   Section       24  dcmpi.o(x$fpl$dcmpinf)
    $v0                                      0x08005a30   Number         0  dcmpi.o(x$fpl$dcmpinf)
    x$fpl$ddiv                               0x08005a48   Section      688  ddiv.o(x$fpl$ddiv)
    $v0                                      0x08005a48   Number         0  ddiv.o(x$fpl$ddiv)
    ddiv_entry                               0x08005a4f   Thumb Code     0  ddiv.o(x$fpl$ddiv)
    x$fpl$dflt                               0x08005cf8   Section       46  dflt_clz.o(x$fpl$dflt)
    $v0                                      0x08005cf8   Number         0  dflt_clz.o(x$fpl$dflt)
    x$fpl$dleqf                              0x08005d28   Section      120  dleqf.o(x$fpl$dleqf)
    $v0                                      0x08005d28   Number         0  dleqf.o(x$fpl$dleqf)
    x$fpl$dmul                               0x08005da0   Section      340  dmul.o(x$fpl$dmul)
    $v0                                      0x08005da0   Number         0  dmul.o(x$fpl$dmul)
    x$fpl$dnaninf                            0x08005ef4   Section      156  dnaninf.o(x$fpl$dnaninf)
    $v0                                      0x08005ef4   Number         0  dnaninf.o(x$fpl$dnaninf)
    x$fpl$dretinf                            0x08005f90   Section       12  dretinf.o(x$fpl$dretinf)
    $v0                                      0x08005f90   Number         0  dretinf.o(x$fpl$dretinf)
    x$fpl$drleqf                             0x08005f9c   Section      108  drleqf.o(x$fpl$drleqf)
    $v0                                      0x08005f9c   Number         0  drleqf.o(x$fpl$drleqf)
    x$fpl$drsb                               0x08006008   Section       22  daddsub_clz.o(x$fpl$drsb)
    $v0                                      0x08006008   Number         0  daddsub_clz.o(x$fpl$drsb)
    x$fpl$dsqrt                              0x08006020   Section      408  dsqrt_umaal.o(x$fpl$dsqrt)
    $v0                                      0x08006020   Number         0  dsqrt_umaal.o(x$fpl$dsqrt)
    x$fpl$dsub                               0x080061b8   Section      468  daddsub_clz.o(x$fpl$dsub)
    $v0                                      0x080061b8   Number         0  daddsub_clz.o(x$fpl$dsub)
    _dsub1                                   0x080061c9   Thumb Code     0  daddsub_clz.o(x$fpl$dsub)
    x$fpl$f2d                                0x0800638c   Section       86  f2d.o(x$fpl$f2d)
    $v0                                      0x0800638c   Number         0  f2d.o(x$fpl$f2d)
    x$fpl$fnaninf                            0x080063e2   Section      140  fnaninf.o(x$fpl$fnaninf)
    $v0                                      0x080063e2   Number         0  fnaninf.o(x$fpl$fnaninf)
    x$fpl$fpinit                             0x0800646e   Section       10  fpinit.o(x$fpl$fpinit)
    $v0                                      0x0800646e   Number         0  fpinit.o(x$fpl$fpinit)
    x$fpl$fretinf                            0x08006478   Section       10  fretinf.o(x$fpl$fretinf)
    $v0                                      0x08006478   Number         0  fretinf.o(x$fpl$fretinf)
    x$fpl$printf1                            0x08006482   Section        4  printf1.o(x$fpl$printf1)
    $v0                                      0x08006482   Number         0  printf1.o(x$fpl$printf1)
    x$fpl$usenofp                            0x08006486   Section        0  usenofp.o(x$fpl$usenofp)
    .constdata                               0x08006488   Section       80  asin.o(.constdata)
    pS                                       0x08006488   Data          48  asin.o(.constdata)
    qS                                       0x080064b8   Data          32  asin.o(.constdata)
    .constdata                               0x080064d8   Section      152  atan.o(.constdata)
    atanhi                                   0x080064d8   Data          32  atan.o(.constdata)
    atanlo                                   0x080064f8   Data          32  atan.o(.constdata)
    aTodd                                    0x08006518   Data          40  atan.o(.constdata)
    aTeven                                   0x08006540   Data          48  atan.o(.constdata)
    .constdata                               0x08006570   Section        8  qnan.o(.constdata)
    .constdata                               0x08006578   Section      148  bigflt0.o(.constdata)
    tenpwrs_x                                0x08006578   Data          60  bigflt0.o(.constdata)
    tenpwrs_i                                0x080065b4   Data          64  bigflt0.o(.constdata)
    locale$$data                             0x0800662c   Section       28  lc_numeric_c.o(locale$$data)
    __lcnum_c_name                           0x08006630   Data           2  lc_numeric_c.o(locale$$data)
    __lcnum_c_start                          0x08006638   Data           0  lc_numeric_c.o(locale$$data)
    __lcnum_c_point                          0x08006644   Data           0  lc_numeric_c.o(locale$$data)
    __lcnum_c_thousands                      0x08006646   Data           0  lc_numeric_c.o(locale$$data)
    __lcnum_c_grouping                       0x08006647   Data           0  lc_numeric_c.o(locale$$data)
    __lcnum_c_end                            0x08006648   Data           0  lc_numeric_c.o(locale$$data)
    .data                                    0x20000000   Section       20  system_stm32f4xx.o(.data)
    .data                                    0x20000014   Section      220  mpu9250.o(.data)
    yaw_count                                0x200000b4   Data           4  mpu9250.o(.data)
    exInt                                    0x200000b8   Data           4  mpu9250.o(.data)
    eyInt                                    0x200000bc   Data           4  mpu9250.o(.data)
    ezInt                                    0x200000c0   Data           4  mpu9250.o(.data)
    gx                                       0x200000c4   Data           4  mpu9250.o(.data)
    gy                                       0x200000c8   Data           4  mpu9250.o(.data)
    gz                                       0x200000cc   Data           4  mpu9250.o(.data)
    ax                                       0x200000d0   Data           4  mpu9250.o(.data)
    ay                                       0x200000d4   Data           4  mpu9250.o(.data)
    az                                       0x200000d8   Data           4  mpu9250.o(.data)
    mx                                       0x200000dc   Data           4  mpu9250.o(.data)
    my                                       0x200000e0   Data           4  mpu9250.o(.data)
    mz                                       0x200000e4   Data           4  mpu9250.o(.data)
    lastUpdate                               0x200000e8   Data           4  mpu9250.o(.data)
    now                                      0x200000ec   Data           4  mpu9250.o(.data)
    .data                                    0x200000f0   Section        4  delay.o(.data)
    fac_us                                   0x200000f0   Data           1  delay.o(.data)
    fac_ms                                   0x200000f2   Data           2  delay.o(.data)
    .data                                    0x200000f4   Section        6  usart.o(.data)
    .data                                    0x200000fa   Section       16  stm32f4xx_rcc.o(.data)
    APBAHBPrescTable                         0x200000fa   Data          16  stm32f4xx_rcc.o(.data)
    .bss                                     0x2000010c   Section      330  mpu9250.o(.bss)
    .bss                                     0x20000256   Section      200  usart.o(.bss)
    .bss                                     0x20000320   Section       96  libspace.o(.bss)
    HEAP                                     0x20000380   Section      512  startup_stm32f40_41xxx.o(HEAP)
    Heap_Mem                                 0x20000380   Data         512  startup_stm32f40_41xxx.o(HEAP)
    STACK                                    0x20000580   Section     1280  startup_stm32f40_41xxx.o(STACK)
    Stack_Mem                                0x20000580   Data        1280  startup_stm32f40_41xxx.o(STACK)
    __initial_sp                             0x20000a80   Data           0  startup_stm32f40_41xxx.o(STACK)

    Global Symbols

    Symbol Name                              Value     Ov Type        Size  Object(Section)

    BuildAttributes$$THM_ISAv4$E$P$D$K$B$S$7EM$VFPi3$EXTD16$VFPS$VFMA$PE$A:L22UL41UL21$X:L11$S22US41US21$IEEE1$IW$USESV6$~STKCKD$USESV7$~SHL$OTIME$ROPI$IEEEX$EBA8$UX$STANDARDLIB$REQ8$PRES8$EABIv2 0x00000000   Number         0  anon$$obj.o ABSOLUTE
    __ARM_use_no_argv                        0x00000000   Number         0  main.o ABSOLUTE
    __ARM_exceptions_init                     - Undefined Weak Reference
    __alloca_initialize                       - Undefined Weak Reference
    __arm_preinit_                            - Undefined Weak Reference
    __cpp_initialize__aeabi_                  - Undefined Weak Reference
    __cxa_finalize                            - Undefined Weak Reference
    __sigvec_lookup                           - Undefined Weak Reference
    _atexit_init                              - Undefined Weak Reference
    _call_atexit_fns                          - Undefined Weak Reference
    _clock_init                               - Undefined Weak Reference
    _fp_trap_init                             - Undefined Weak Reference
    _fp_trap_shutdown                         - Undefined Weak Reference
    _get_lc_collate                           - Undefined Weak Reference
    _get_lc_ctype                             - Undefined Weak Reference
    _get_lc_monetary                          - Undefined Weak Reference
    _get_lc_time                              - Undefined Weak Reference
    _getenv_init                              - Undefined Weak Reference
    _handle_redirection                       - Undefined Weak Reference
    _init_alloc                               - Undefined Weak Reference
    _init_user_alloc                          - Undefined Weak Reference
    _initio                                   - Undefined Weak Reference
    _mutex_acquire                            - Undefined Weak Reference
    _mutex_release                            - Undefined Weak Reference
    _printf_post_padding                      - Undefined Weak Reference
    _printf_pre_padding                       - Undefined Weak Reference
    _printf_truncate_signed                   - Undefined Weak Reference
    _printf_truncate_unsigned                 - Undefined Weak Reference
    _rand_init                                - Undefined Weak Reference
    _signal_finish                            - Undefined Weak Reference
    _signal_init                              - Undefined Weak Reference
    _terminate_alloc                          - Undefined Weak Reference
    _terminate_user_alloc                     - Undefined Weak Reference
    _terminateio                              - Undefined Weak Reference
    __Vectors_Size                           0x00000188   Number         0  startup_stm32f40_41xxx.o ABSOLUTE
    __Vectors                                0x08000000   Data           4  startup_stm32f40_41xxx.o(RESET)
    __Vectors_End                            0x08000188   Data           0  startup_stm32f40_41xxx.o(RESET)
    __main                                   0x08000189   Thumb Code     8  __main.o(!!!main)
    __scatterload                            0x08000191   Thumb Code     0  __scatter.o(!!!scatter)
    __scatterload_rt2                        0x08000191   Thumb Code    44  __scatter.o(!!!scatter)
    __scatterload_rt2_thumb_only             0x08000191   Thumb Code     0  __scatter.o(!!!scatter)
    __scatterload_null                       0x0800019f   Thumb Code     0  __scatter.o(!!!scatter)
    __scatterload_copy                       0x080001c5   Thumb Code    26  __scatter_copy.o(!!handler_copy)
    __scatterload_zeroinit                   0x080001e1   Thumb Code    28  __scatter_zi.o(!!handler_zi)
    _printf_f                                0x080001fd   Thumb Code     0  _printf_f.o(.ARM.Collect$$_printf_percent$$00000003)
    _printf_percent                          0x080001fd   Thumb Code     0  _printf_percent.o(.ARM.Collect$$_printf_percent$$00000000)
    _printf_d                                0x08000203   Thumb Code     0  _printf_d.o(.ARM.Collect$$_printf_percent$$00000009)
    _printf_percent_end                      0x08000209   Thumb Code     0  _printf_percent_end.o(.ARM.Collect$$_printf_percent$$00000017)
    __rt_lib_init                            0x0800020d   Thumb Code     0  libinit.o(.ARM.Collect$$libinit$$00000000)
    __rt_lib_init_fp_1                       0x0800020f   Thumb Code     0  libinit2.o(.ARM.Collect$$libinit$$00000001)
    __rt_lib_init_heap_1                     0x08000213   Thumb Code     0  libinit2.o(.ARM.Collect$$libinit$$0000000A)
    __rt_lib_init_lc_common                  0x08000213   Thumb Code     0  libinit2.o(.ARM.Collect$$libinit$$0000000F)
    __rt_lib_init_preinit_1                  0x08000213   Thumb Code     0  libinit2.o(.ARM.Collect$$libinit$$00000004)
    __rt_lib_init_rand_1                     0x08000213   Thumb Code     0  libinit2.o(.ARM.Collect$$libinit$$0000000E)
    __rt_lib_init_user_alloc_1               0x08000213   Thumb Code     0  libinit2.o(.ARM.Collect$$libinit$$0000000C)
    __rt_lib_init_lc_collate_1               0x08000219   Thumb Code     0  libinit2.o(.ARM.Collect$$libinit$$00000011)
    __rt_lib_init_lc_ctype_1                 0x08000219   Thumb Code     0  libinit2.o(.ARM.Collect$$libinit$$00000013)
    __rt_lib_init_lc_monetary_1              0x08000219   Thumb Code     0  libinit2.o(.ARM.Collect$$libinit$$00000015)
    __rt_lib_init_lc_numeric_2               0x08000219   Thumb Code     0  libinit2.o(.ARM.Collect$$libinit$$00000016)
    __rt_lib_init_alloca_1                   0x08000223   Thumb Code     0  libinit2.o(.ARM.Collect$$libinit$$0000002E)
    __rt_lib_init_argv_1                     0x08000223   Thumb Code     0  libinit2.o(.ARM.Collect$$libinit$$0000002C)
    __rt_lib_init_atexit_1                   0x08000223   Thumb Code     0  libinit2.o(.ARM.Collect$$libinit$$0000001B)
    __rt_lib_init_clock_1                    0x08000223   Thumb Code     0  libinit2.o(.ARM.Collect$$libinit$$00000021)
    __rt_lib_init_cpp_1                      0x08000223   Thumb Code     0  libinit2.o(.ARM.Collect$$libinit$$00000032)
    __rt_lib_init_exceptions_1               0x08000223   Thumb Code     0  libinit2.o(.ARM.Collect$$libinit$$00000030)
    __rt_lib_init_fp_trap_1                  0x08000223   Thumb Code     0  libinit2.o(.ARM.Collect$$libinit$$0000001F)
    __rt_lib_init_getenv_1                   0x08000223   Thumb Code     0  libinit2.o(.ARM.Collect$$libinit$$00000023)
    __rt_lib_init_lc_numeric_1               0x08000223   Thumb Code     0  libinit2.o(.ARM.Collect$$libinit$$00000017)
    __rt_lib_init_lc_time_1                  0x08000223   Thumb Code     0  libinit2.o(.ARM.Collect$$libinit$$00000019)
    __rt_lib_init_return                     0x08000223   Thumb Code     0  libinit2.o(.ARM.Collect$$libinit$$00000033)
    __rt_lib_init_signal_1                   0x08000223   Thumb Code     0  libinit2.o(.ARM.Collect$$libinit$$0000001D)
    __rt_lib_init_stdio_1                    0x08000223   Thumb Code     0  libinit2.o(.ARM.Collect$$libinit$$00000025)
    __rt_lib_shutdown                        0x08000225   Thumb Code     0  libshutdown.o(.ARM.Collect$$libshutdown$$00000000)
    __rt_lib_shutdown_cpp_1                  0x08000227   Thumb Code     0  libshutdown2.o(.ARM.Collect$$libshutdown$$00000002)
    __rt_lib_shutdown_fp_trap_1              0x08000227   Thumb Code     0  libshutdown2.o(.ARM.Collect$$libshutdown$$00000007)
    __rt_lib_shutdown_heap_1                 0x08000227   Thumb Code     0  libshutdown2.o(.ARM.Collect$$libshutdown$$0000000F)
    __rt_lib_shutdown_return                 0x08000227   Thumb Code     0  libshutdown2.o(.ARM.Collect$$libshutdown$$00000010)
    __rt_lib_shutdown_signal_1               0x08000227   Thumb Code     0  libshutdown2.o(.ARM.Collect$$libshutdown$$0000000A)
    __rt_lib_shutdown_stdio_1                0x08000227   Thumb Code     0  libshutdown2.o(.ARM.Collect$$libshutdown$$00000004)
    __rt_lib_shutdown_user_alloc_1           0x08000227   Thumb Code     0  libshutdown2.o(.ARM.Collect$$libshutdown$$0000000C)
    __rt_entry                               0x08000229   Thumb Code     0  __rtentry.o(.ARM.Collect$$rtentry$$00000000)
    __rt_entry_presh_1                       0x08000229   Thumb Code     0  __rtentry2.o(.ARM.Collect$$rtentry$$00000002)
    __rt_entry_sh                            0x08000229   Thumb Code     0  __rtentry4.o(.ARM.Collect$$rtentry$$00000004)
    __rt_entry_li                            0x0800022f   Thumb Code     0  __rtentry2.o(.ARM.Collect$$rtentry$$0000000A)
    __rt_entry_postsh_1                      0x0800022f   Thumb Code     0  __rtentry2.o(.ARM.Collect$$rtentry$$00000009)
    __rt_entry_main                          0x08000233   Thumb Code     0  __rtentry2.o(.ARM.Collect$$rtentry$$0000000D)
    __rt_entry_postli_1                      0x08000233   Thumb Code     0  __rtentry2.o(.ARM.Collect$$rtentry$$0000000C)
    __rt_exit                                0x0800023b   Thumb Code     0  rtexit.o(.ARM.Collect$$rtexit$$00000000)
    __rt_exit_ls                             0x0800023d   Thumb Code     0  rtexit2.o(.ARM.Collect$$rtexit$$00000003)
    __rt_exit_prels_1                        0x0800023d   Thumb Code     0  rtexit2.o(.ARM.Collect$$rtexit$$00000002)
    __rt_exit_exit                           0x08000241   Thumb Code     0  rtexit2.o(.ARM.Collect$$rtexit$$00000004)
    main                                     0x08000249   Thumb Code   132  main.o(.text)
    NMI_Handler                              0x080002fd   Thumb Code     2  stm32f4xx_it.o(.text)
    HardFault_Handler                        0x080002ff   Thumb Code     4  stm32f4xx_it.o(.text)
    MemManage_Handler                        0x08000303   Thumb Code     4  stm32f4xx_it.o(.text)
    BusFault_Handler                         0x08000307   Thumb Code     4  stm32f4xx_it.o(.text)
    UsageFault_Handler                       0x0800030b   Thumb Code     4  stm32f4xx_it.o(.text)
    SVC_Handler                              0x0800030f   Thumb Code     2  stm32f4xx_it.o(.text)
    DebugMon_Handler                         0x08000311   Thumb Code     2  stm32f4xx_it.o(.text)
    PendSV_Handler                           0x08000313   Thumb Code     2  stm32f4xx_it.o(.text)
    SysTick_Handler                          0x08000315   Thumb Code     2  stm32f4xx_it.o(.text)
    SystemInit                               0x080003f5   Thumb Code    88  system_stm32f4xx.o(.text)
    SystemCoreClockUpdate                    0x0800044d   Thumb Code   174  system_stm32f4xx.o(.text)
    driver_init                              0x08000529   Thumb Code    34  driver.o(.text)
    LED_Init                                 0x0800054d   Thumb Code    56  led.o(.text)
    IIC_Init                                 0x08000589   Thumb Code    62  myiic.o(.text)
    IIC_Start                                0x080005c7   Thumb Code    74  myiic.o(.text)
    IIC_Stop                                 0x08000611   Thumb Code    68  myiic.o(.text)
    IIC_Wait_Ack                             0x08000655   Thumb Code    88  myiic.o(.text)
    IIC_Ack                                  0x080006ad   Thumb Code    72  myiic.o(.text)
    IIC_NAck                                 0x080006f5   Thumb Code    72  myiic.o(.text)
    IIC_Send_Byte                            0x0800073d   Thumb Code    96  myiic.o(.text)
    IIC_Read_Byte                            0x0800079d   Thumb Code   100  myiic.o(.text)
    MPU_Write_Byte                           0x0800080d   Thumb Code    76  mpu9250.o(.text)
    AK8963_Init                              0x08000859   Thumb Code    68  mpu9250.o(.text)
    MPU_Set_LPF                              0x0800089d   Thumb Code    60  mpu9250.o(.text)
    MPU_Set_Rate                             0x080008d9   Thumb Code    60  mpu9250.o(.text)
    MPU_Set_Accel_Fsr                        0x08000915   Thumb Code    18  mpu9250.o(.text)
    MPU_Set_Gyro_Fsr                         0x08000927   Thumb Code    18  mpu9250.o(.text)
    MPU_Read_Byte                            0x08000939   Thumb Code    72  mpu9250.o(.text)
    imu_init                                 0x08000981   Thumb Code    32  mpu9250.o(.text)
    MPU_Read_Len                             0x080009a1   Thumb Code   116  mpu9250.o(.text)
    MPU_Get_Temperature                      0x08000a15   Thumb Code    34  mpu9250.o(.text)
    MPU_Get_Gyroscope                        0x08000a37   Thumb Code    80  mpu9250.o(.text)
    MPU_Get_Accelerometer                    0x08000a87   Thumb Code    80  mpu9250.o(.text)
    MPU_Get_Magnetometer                     0x08000ad7   Thumb Code   102  mpu9250.o(.text)
    readMagData                              0x08000b3d   Thumb Code   100  mpu9250.o(.text)
    imu_calibrate                            0x08000ba1   Thumb Code   230  mpu9250.o(.text)
    imu_get_raw_data                         0x08000c87   Thumb Code    90  mpu9250.o(.text)
    invSqrt                                  0x08000ce1   Thumb Code    56  mpu9250.o(.text)
    mpu6500_datasave                         0x08000d19   Thumb Code   334  mpu9250.o(.text)
    ak8963_datasave                          0x08000e67   Thumb Code   194  mpu9250.o(.text)
    AK8963_getlastValues                     0x08000f29   Thumb Code    22  mpu9250.o(.text)
    Init_Quaternion                          0x08000f3f   Thumb Code   774  mpu9250.o(.text)
    IMU_AHRSupdate                           0x08001245   Thumb Code  1892  mpu9250.o(.text)
    IMU_getValues                            0x080019a9   Thumb Code   248  mpu9250.o(.text)
    GetPitchYawGxGyGz                        0x08001aa1   Thumb Code   734  mpu9250.o(.text)
    Recorret_offset_g                        0x08001d7f   Thumb Code   184  mpu9250.o(.text)
    MPU_Write_Len                            0x08001e37   Thumb Code    96  mpu9250.o(.text)
    TIM2_Configuration                       0x08001ecd   Thumb Code    60  timer.o(.text)
    TIM2_IRQHandler                          0x08001f09   Thumb Code    30  timer.o(.text)
    Get_Time_Micros                          0x08001f27   Thumb Code    16  timer.o(.text)
    delay_init                               0x08001f39   Thumb Code    52  delay.o(.text)
    delay_us                                 0x08001f6d   Thumb Code    72  delay.o(.text)
    delay_xms                                0x08001fb5   Thumb Code    72  delay.o(.text)
    delay_ms                                 0x08001ffd   Thumb Code    56  delay.o(.text)
    _sys_exit                                0x0800203d   Thumb Code     4  usart.o(.text)
    fputc                                    0x08002041   Thumb Code    22  usart.o(.text)
    uart_init                                0x08002057   Thumb Code   164  usart.o(.text)
    USART1_IRQHandler                        0x080020fb   Thumb Code   132  usart.o(.text)
    Reset_Handler                            0x08002195   Thumb Code     8  startup_stm32f40_41xxx.o(.text)
    ADC_IRQHandler                           0x080021af   Thumb Code     0  startup_stm32f40_41xxx.o(.text)
    CAN1_RX0_IRQHandler                      0x080021af   Thumb Code     0  startup_stm32f40_41xxx.o(.text)
    CAN1_RX1_IRQHandler                      0x080021af   Thumb Code     0  startup_stm32f40_41xxx.o(.text)
    CAN1_SCE_IRQHandler                      0x080021af   Thumb Code     0  startup_stm32f40_41xxx.o(.text)
    CAN1_TX_IRQHandler                       0x080021af   Thumb Code     0  startup_stm32f40_41xxx.o(.text)
    CAN2_RX0_IRQHandler                      0x080021af   Thumb Code     0  startup_stm32f40_41xxx.o(.text)
    CAN2_RX1_IRQHandler                      0x080021af   Thumb Code     0  startup_stm32f40_41xxx.o(.text)
    CAN2_SCE_IRQHandler                      0x080021af   Thumb Code     0  startup_stm32f40_41xxx.o(.text)
    CAN2_TX_IRQHandler                       0x080021af   Thumb Code     0  startup_stm32f40_41xxx.o(.text)
    CRYP_IRQHandler                          0x080021af   Thumb Code     0  startup_stm32f40_41xxx.o(.text)
    DCMI_IRQHandler                          0x080021af   Thumb Code     0  startup_stm32f40_41xxx.o(.text)
    DMA1_Stream0_IRQHandler                  0x080021af   Thumb Code     0  startup_stm32f40_41xxx.o(.text)
    DMA1_Stream1_IRQHandler                  0x080021af   Thumb Code     0  startup_stm32f40_41xxx.o(.text)
    DMA1_Stream2_IRQHandler                  0x080021af   Thumb Code     0  startup_stm32f40_41xxx.o(.text)
    DMA1_Stream3_IRQHandler                  0x080021af   Thumb Code     0  startup_stm32f40_41xxx.o(.text)
    DMA1_Stream4_IRQHandler                  0x080021af   Thumb Code     0  startup_stm32f40_41xxx.o(.text)
    DMA1_Stream5_IRQHandler                  0x080021af   Thumb Code     0  startup_stm32f40_41xxx.o(.text)
    DMA1_Stream6_IRQHandler                  0x080021af   Thumb Code     0  startup_stm32f40_41xxx.o(.text)
    DMA1_Stream7_IRQHandler                  0x080021af   Thumb Code     0  startup_stm32f40_41xxx.o(.text)
    DMA2_Stream0_IRQHandler                  0x080021af   Thumb Code     0  startup_stm32f40_41xxx.o(.text)
    DMA2_Stream1_IRQHandler                  0x080021af   Thumb Code     0  startup_stm32f40_41xxx.o(.text)
    DMA2_Stream2_IRQHandler                  0x080021af   Thumb Code     0  startup_stm32f40_41xxx.o(.text)
    DMA2_Stream3_IRQHandler                  0x080021af   Thumb Code     0  startup_stm32f40_41xxx.o(.text)
    DMA2_Stream4_IRQHandler                  0x080021af   Thumb Code     0  startup_stm32f40_41xxx.o(.text)
    DMA2_Stream5_IRQHandler                  0x080021af   Thumb Code     0  startup_stm32f40_41xxx.o(.text)
    DMA2_Stream6_IRQHandler                  0x080021af   Thumb Code     0  startup_stm32f40_41xxx.o(.text)
    DMA2_Stream7_IRQHandler                  0x080021af   Thumb Code     0  startup_stm32f40_41xxx.o(.text)
    ETH_IRQHandler                           0x080021af   Thumb Code     0  startup_stm32f40_41xxx.o(.text)
    ETH_WKUP_IRQHandler                      0x080021af   Thumb Code     0  startup_stm32f40_41xxx.o(.text)
    EXTI0_IRQHandler                         0x080021af   Thumb Code     0  startup_stm32f40_41xxx.o(.text)
    EXTI15_10_IRQHandler                     0x080021af   Thumb Code     0  startup_stm32f40_41xxx.o(.text)
    EXTI1_IRQHandler                         0x080021af   Thumb Code     0  startup_stm32f40_41xxx.o(.text)
    EXTI2_IRQHandler                         0x080021af   Thumb Code     0  startup_stm32f40_41xxx.o(.text)
    EXTI3_IRQHandler                         0x080021af   Thumb Code     0  startup_stm32f40_41xxx.o(.text)
    EXTI4_IRQHandler                         0x080021af   Thumb Code     0  startup_stm32f40_41xxx.o(.text)
    EXTI9_5_IRQHandler                       0x080021af   Thumb Code     0  startup_stm32f40_41xxx.o(.text)
    FLASH_IRQHandler                         0x080021af   Thumb Code     0  startup_stm32f40_41xxx.o(.text)
    FPU_IRQHandler                           0x080021af   Thumb Code     0  startup_stm32f40_41xxx.o(.text)
    FSMC_IRQHandler                          0x080021af   Thumb Code     0  startup_stm32f40_41xxx.o(.text)
    HASH_RNG_IRQHandler                      0x080021af   Thumb Code     0  startup_stm32f40_41xxx.o(.text)
    I2C1_ER_IRQHandler                       0x080021af   Thumb Code     0  startup_stm32f40_41xxx.o(.text)
    I2C1_EV_IRQHandler                       0x080021af   Thumb Code     0  startup_stm32f40_41xxx.o(.text)
    I2C2_ER_IRQHandler                       0x080021af   Thumb Code     0  startup_stm32f40_41xxx.o(.text)
    I2C2_EV_IRQHandler                       0x080021af   Thumb Code     0  startup_stm32f40_41xxx.o(.text)
    I2C3_ER_IRQHandler                       0x080021af   Thumb Code     0  startup_stm32f40_41xxx.o(.text)
    I2C3_EV_IRQHandler                       0x080021af   Thumb Code     0  startup_stm32f40_41xxx.o(.text)
    OTG_FS_IRQHandler                        0x080021af   Thumb Code     0  startup_stm32f40_41xxx.o(.text)
    OTG_FS_WKUP_IRQHandler                   0x080021af   Thumb Code     0  startup_stm32f40_41xxx.o(.text)
    OTG_HS_EP1_IN_IRQHandler                 0x080021af   Thumb Code     0  startup_stm32f40_41xxx.o(.text)
    OTG_HS_EP1_OUT_IRQHandler                0x080021af   Thumb Code     0  startup_stm32f40_41xxx.o(.text)
    OTG_HS_IRQHandler                        0x080021af   Thumb Code     0  startup_stm32f40_41xxx.o(.text)
    OTG_HS_WKUP_IRQHandler                   0x080021af   Thumb Code     0  startup_stm32f40_41xxx.o(.text)
    PVD_IRQHandler                           0x080021af   Thumb Code     0  startup_stm32f40_41xxx.o(.text)
    RCC_IRQHandler                           0x080021af   Thumb Code     0  startup_stm32f40_41xxx.o(.text)
    RTC_Alarm_IRQHandler                     0x080021af   Thumb Code     0  startup_stm32f40_41xxx.o(.text)
    RTC_WKUP_IRQHandler                      0x080021af   Thumb Code     0  startup_stm32f40_41xxx.o(.text)
    SDIO_IRQHandler                          0x080021af   Thumb Code     0  startup_stm32f40_41xxx.o(.text)
    SPI1_IRQHandler                          0x080021af   Thumb Code     0  startup_stm32f40_41xxx.o(.text)
    SPI2_IRQHandler                          0x080021af   Thumb Code     0  startup_stm32f40_41xxx.o(.text)
    SPI3_IRQHandler                          0x080021af   Thumb Code     0  startup_stm32f40_41xxx.o(.text)
    TAMP_STAMP_IRQHandler                    0x080021af   Thumb Code     0  startup_stm32f40_41xxx.o(.text)
    TIM1_BRK_TIM9_IRQHandler                 0x080021af   Thumb Code     0  startup_stm32f40_41xxx.o(.text)
    TIM1_CC_IRQHandler                       0x080021af   Thumb Code     0  startup_stm32f40_41xxx.o(.text)
    TIM1_TRG_COM_TIM11_IRQHandler            0x080021af   Thumb Code     0  startup_stm32f40_41xxx.o(.text)
    TIM1_UP_TIM10_IRQHandler                 0x080021af   Thumb Code     0  startup_stm32f40_41xxx.o(.text)
    TIM3_IRQHandler                          0x080021af   Thumb Code     0  startup_stm32f40_41xxx.o(.text)
    TIM4_IRQHandler                          0x080021af   Thumb Code     0  startup_stm32f40_41xxx.o(.text)
    TIM5_IRQHandler                          0x080021af   Thumb Code     0  startup_stm32f40_41xxx.o(.text)
    TIM6_DAC_IRQHandler                      0x080021af   Thumb Code     0  startup_stm32f40_41xxx.o(.text)
    TIM7_IRQHandler                          0x080021af   Thumb Code     0  startup_stm32f40_41xxx.o(.text)
    TIM8_BRK_TIM12_IRQHandler                0x080021af   Thumb Code     0  startup_stm32f40_41xxx.o(.text)
    TIM8_CC_IRQHandler                       0x080021af   Thumb Code     0  startup_stm32f40_41xxx.o(.text)
    TIM8_TRG_COM_TIM14_IRQHandler            0x080021af   Thumb Code     0  startup_stm32f40_41xxx.o(.text)
    TIM8_UP_TIM13_IRQHandler                 0x080021af   Thumb Code     0  startup_stm32f40_41xxx.o(.text)
    UART4_IRQHandler                         0x080021af   Thumb Code     0  startup_stm32f40_41xxx.o(.text)
    UART5_IRQHandler                         0x080021af   Thumb Code     0  startup_stm32f40_41xxx.o(.text)
    USART2_IRQHandler                        0x080021af   Thumb Code     0  startup_stm32f40_41xxx.o(.text)
    USART3_IRQHandler                        0x080021af   Thumb Code     0  startup_stm32f40_41xxx.o(.text)
    USART6_IRQHandler                        0x080021af   Thumb Code     0  startup_stm32f40_41xxx.o(.text)
    WWDG_IRQHandler                          0x080021af   Thumb Code     0  startup_stm32f40_41xxx.o(.text)
    __user_initial_stackheap                 0x080021b1   Thumb Code     0  startup_stm32f40_41xxx.o(.text)
    NVIC_PriorityGroupConfig                 0x080021d5   Thumb Code    10  misc.o(.text)
    NVIC_Init                                0x080021df   Thumb Code   106  misc.o(.text)
    NVIC_SetVectorTable                      0x08002249   Thumb Code    14  misc.o(.text)
    NVIC_SystemLPConfig                      0x08002257   Thumb Code    34  misc.o(.text)
    SysTick_CLKSourceConfig                  0x08002279   Thumb Code    40  misc.o(.text)
    GPIO_DeInit                              0x080022b5   Thumb Code   268  stm32f4xx_gpio.o(.text)
    GPIO_Init                                0x080023c1   Thumb Code   144  stm32f4xx_gpio.o(.text)
    GPIO_StructInit                          0x08002451   Thumb Code    18  stm32f4xx_gpio.o(.text)
    GPIO_PinLockConfig                       0x08002463   Thumb Code    34  stm32f4xx_gpio.o(.text)
    GPIO_ReadInputDataBit                    0x08002485   Thumb Code    18  stm32f4xx_gpio.o(.text)
    GPIO_ReadInputData                       0x08002497   Thumb Code     8  stm32f4xx_gpio.o(.text)
    GPIO_ReadOutputDataBit                   0x0800249f   Thumb Code    18  stm32f4xx_gpio.o(.text)
    GPIO_ReadOutputData                      0x080024b1   Thumb Code     8  stm32f4xx_gpio.o(.text)
    GPIO_SetBits                             0x080024b9   Thumb Code     4  stm32f4xx_gpio.o(.text)
    GPIO_ResetBits                           0x080024bd   Thumb Code     4  stm32f4xx_gpio.o(.text)
    GPIO_WriteBit                            0x080024c1   Thumb Code    10  stm32f4xx_gpio.o(.text)
    GPIO_Write                               0x080024cb   Thumb Code     4  stm32f4xx_gpio.o(.text)
    GPIO_ToggleBits                          0x080024cf   Thumb Code     8  stm32f4xx_gpio.o(.text)
    GPIO_PinAFConfig                         0x080024d7   Thumb Code    70  stm32f4xx_gpio.o(.text)
    RCC_DeInit                               0x08002549   Thumb Code    82  stm32f4xx_rcc.o(.text)
    RCC_HSEConfig                            0x0800259b   Thumb Code    14  stm32f4xx_rcc.o(.text)
    RCC_GetFlagStatus                        0x080025a9   Thumb Code    60  stm32f4xx_rcc.o(.text)
    RCC_WaitForHSEStartUp                    0x080025e5   Thumb Code    56  stm32f4xx_rcc.o(.text)
    RCC_AdjustHSICalibrationValue            0x0800261d   Thumb Code    20  stm32f4xx_rcc.o(.text)
    RCC_HSICmd                               0x08002631   Thumb Code     6  stm32f4xx_rcc.o(.text)
    RCC_LSEConfig                            0x08002637   Thumb Code    46  stm32f4xx_rcc.o(.text)
    RCC_LSICmd                               0x08002665   Thumb Code     6  stm32f4xx_rcc.o(.text)
    RCC_PLLConfig                            0x0800266b   Thumb Code    32  stm32f4xx_rcc.o(.text)
    RCC_PLLCmd                               0x0800268b   Thumb Code     6  stm32f4xx_rcc.o(.text)
    RCC_PLLI2SConfig                         0x08002691   Thumb Code    14  stm32f4xx_rcc.o(.text)
    RCC_PLLI2SCmd                            0x0800269f   Thumb Code     6  stm32f4xx_rcc.o(.text)
    RCC_PLLSAIConfig                         0x080026a5   Thumb Code    20  stm32f4xx_rcc.o(.text)
    RCC_PLLSAICmd                            0x080026b9   Thumb Code     6  stm32f4xx_rcc.o(.text)
    RCC_ClockSecuritySystemCmd               0x080026bf   Thumb Code     6  stm32f4xx_rcc.o(.text)
    RCC_MCO1Config                           0x080026c5   Thumb Code    28  stm32f4xx_rcc.o(.text)
    RCC_MCO2Config                           0x080026e1   Thumb Code    28  stm32f4xx_rcc.o(.text)
    RCC_SYSCLKConfig                         0x080026fd   Thumb Code    20  stm32f4xx_rcc.o(.text)
    RCC_GetSYSCLKSource                      0x08002711   Thumb Code    12  stm32f4xx_rcc.o(.text)
    RCC_HCLKConfig                           0x0800271d   Thumb Code    20  stm32f4xx_rcc.o(.text)
    RCC_PCLK1Config                          0x08002731   Thumb Code    20  stm32f4xx_rcc.o(.text)
    RCC_PCLK2Config                          0x08002745   Thumb Code    22  stm32f4xx_rcc.o(.text)
    RCC_GetClocksFreq                        0x0800275b   Thumb Code   222  stm32f4xx_rcc.o(.text)
    RCC_RTCCLKConfig                         0x08002839   Thumb Code    54  stm32f4xx_rcc.o(.text)
    RCC_RTCCLKCmd                            0x0800286f   Thumb Code     8  stm32f4xx_rcc.o(.text)
    RCC_BackupResetCmd                       0x08002877   Thumb Code     8  stm32f4xx_rcc.o(.text)
    RCC_I2SCLKConfig                         0x0800287f   Thumb Code     6  stm32f4xx_rcc.o(.text)
    RCC_SAIPLLI2SClkDivConfig                0x08002885   Thumb Code    26  stm32f4xx_rcc.o(.text)
    RCC_SAIPLLSAIClkDivConfig                0x0800289f   Thumb Code    28  stm32f4xx_rcc.o(.text)
    RCC_SAIBlockACLKConfig                   0x080028bb   Thumb Code    20  stm32f4xx_rcc.o(.text)
    RCC_SAIBlockBCLKConfig                   0x080028cf   Thumb Code    20  stm32f4xx_rcc.o(.text)
    RCC_LTDCCLKDivConfig                     0x080028e3   Thumb Code    20  stm32f4xx_rcc.o(.text)
    RCC_TIMCLKPresConfig                     0x080028f7   Thumb Code     6  stm32f4xx_rcc.o(.text)
    RCC_AHB1PeriphClockCmd                   0x080028fd   Thumb Code    34  stm32f4xx_rcc.o(.text)
    RCC_AHB2PeriphClockCmd                   0x0800291f   Thumb Code    78  stm32f4xx_rcc.o(.text)
    RCC_AHB3PeriphClockCmd                   0x0800296d   Thumb Code    34  stm32f4xx_rcc.o(.text)
    RCC_APB1PeriphClockCmd                   0x0800298f   Thumb Code    34  stm32f4xx_rcc.o(.text)
    RCC_APB2PeriphClockCmd                   0x080029b1   Thumb Code    34  stm32f4xx_rcc.o(.text)
    RCC_AHB1PeriphResetCmd                   0x080029d3   Thumb Code    34  stm32f4xx_rcc.o(.text)
    RCC_AHB2PeriphResetCmd                   0x080029f5   Thumb Code    34  stm32f4xx_rcc.o(.text)
    RCC_AHB3PeriphResetCmd                   0x08002a17   Thumb Code    34  stm32f4xx_rcc.o(.text)
    RCC_APB1PeriphResetCmd                   0x08002a39   Thumb Code    34  stm32f4xx_rcc.o(.text)
    RCC_APB2PeriphResetCmd                   0x08002a5b   Thumb Code    34  stm32f4xx_rcc.o(.text)
    RCC_AHB1PeriphClockLPModeCmd             0x08002a7d   Thumb Code    34  stm32f4xx_rcc.o(.text)
    RCC_AHB2PeriphClockLPModeCmd             0x08002a9f   Thumb Code    34  stm32f4xx_rcc.o(.text)
    RCC_AHB3PeriphClockLPModeCmd             0x08002ac1   Thumb Code    34  stm32f4xx_rcc.o(.text)
    RCC_APB1PeriphClockLPModeCmd             0x08002ae3   Thumb Code    34  stm32f4xx_rcc.o(.text)
    RCC_APB2PeriphClockLPModeCmd             0x08002b05   Thumb Code    34  stm32f4xx_rcc.o(.text)
    RCC_LSEModeConfig                        0x08002b27   Thumb Code    40  stm32f4xx_rcc.o(.text)
    RCC_ITConfig                             0x08002b4f   Thumb Code    34  stm32f4xx_rcc.o(.text)
    RCC_ClearFlag                            0x08002b71   Thumb Code    18  stm32f4xx_rcc.o(.text)
    RCC_GetITStatus                          0x08002b83   Thumb Code    22  stm32f4xx_rcc.o(.text)
    RCC_ClearITPendingBit                    0x08002b99   Thumb Code     8  stm32f4xx_rcc.o(.text)
    USART_DeInit                             0x08002ba5   Thumb Code   206  stm32f4xx_usart.o(.text)
    USART_Init                               0x08002c73   Thumb Code   204  stm32f4xx_usart.o(.text)
    USART_StructInit                         0x08002d3f   Thumb Code    24  stm32f4xx_usart.o(.text)
    USART_ClockInit                          0x08002d57   Thumb Code    32  stm32f4xx_usart.o(.text)
    USART_ClockStructInit                    0x08002d77   Thumb Code    12  stm32f4xx_usart.o(.text)
    USART_Cmd                                0x08002d83   Thumb Code    24  stm32f4xx_usart.o(.text)
    USART_SetPrescaler                       0x08002d9b   Thumb Code    16  stm32f4xx_usart.o(.text)
    USART_OverSampling8Cmd                   0x08002dab   Thumb Code    22  stm32f4xx_usart.o(.text)
    USART_OneBitMethodCmd                    0x08002dc1   Thumb Code    24  stm32f4xx_usart.o(.text)
    USART_SendData                           0x08002dd9   Thumb Code     8  stm32f4xx_usart.o(.text)
    USART_ReceiveData                        0x08002de1   Thumb Code    10  stm32f4xx_usart.o(.text)
    USART_SetAddress                         0x08002deb   Thumb Code    18  stm32f4xx_usart.o(.text)
    USART_ReceiverWakeUpCmd                  0x08002dfd   Thumb Code    24  stm32f4xx_usart.o(.text)
    USART_WakeUpConfig                       0x08002e15   Thumb Code    18  stm32f4xx_usart.o(.text)
    USART_LINBreakDetectLengthConfig         0x08002e27   Thumb Code    18  stm32f4xx_usart.o(.text)
    USART_LINCmd                             0x08002e39   Thumb Code    24  stm32f4xx_usart.o(.text)
    USART_SendBreak                          0x08002e51   Thumb Code    10  stm32f4xx_usart.o(.text)
    USART_HalfDuplexCmd                      0x08002e5b   Thumb Code    24  stm32f4xx_usart.o(.text)
    USART_SetGuardTime                       0x08002e73   Thumb Code    16  stm32f4xx_usart.o(.text)
    USART_SmartCardCmd                       0x08002e83   Thumb Code    24  stm32f4xx_usart.o(.text)
    USART_SmartCardNACKCmd                   0x08002e9b   Thumb Code    24  stm32f4xx_usart.o(.text)
    USART_IrDAConfig                         0x08002eb3   Thumb Code    18  stm32f4xx_usart.o(.text)
    USART_IrDACmd                            0x08002ec5   Thumb Code    24  stm32f4xx_usart.o(.text)
    USART_DMACmd                             0x08002edd   Thumb Code    18  stm32f4xx_usart.o(.text)
    USART_ITConfig                           0x08002eef   Thumb Code    74  stm32f4xx_usart.o(.text)
    USART_GetFlagStatus                      0x08002f39   Thumb Code    26  stm32f4xx_usart.o(.text)
    USART_ClearFlag                          0x08002f53   Thumb Code    18  stm32f4xx_usart.o(.text)
    USART_GetITStatus                        0x08002f65   Thumb Code   118  stm32f4xx_usart.o(.text)
    USART_ClearITPendingBit                  0x08002fdb   Thumb Code    30  stm32f4xx_usart.o(.text)
    TIM_DeInit                               0x08002ff9   Thumb Code   346  stm32f4xx_tim.o(.text)
    TIM_TimeBaseInit                         0x08003153   Thumb Code   104  stm32f4xx_tim.o(.text)
    TIM_TimeBaseStructInit                   0x080031bb   Thumb Code    18  stm32f4xx_tim.o(.text)
    TIM_PrescalerConfig                      0x080031cd   Thumb Code     6  stm32f4xx_tim.o(.text)
    TIM_CounterModeConfig                    0x080031d3   Thumb Code    18  stm32f4xx_tim.o(.text)
    TIM_SetCounter                           0x080031e5   Thumb Code     4  stm32f4xx_tim.o(.text)
    TIM_SetAutoreload                        0x080031e9   Thumb Code     4  stm32f4xx_tim.o(.text)
    TIM_GetCounter                           0x080031ed   Thumb Code     6  stm32f4xx_tim.o(.text)
    TIM_GetPrescaler                         0x080031f3   Thumb Code     6  stm32f4xx_tim.o(.text)
    TIM_UpdateDisableConfig                  0x080031f9   Thumb Code    24  stm32f4xx_tim.o(.text)
    TIM_UpdateRequestConfig                  0x08003211   Thumb Code    24  stm32f4xx_tim.o(.text)
    TIM_ARRPreloadConfig                     0x08003229   Thumb Code    24  stm32f4xx_tim.o(.text)
    TIM_SelectOnePulseMode                   0x08003241   Thumb Code    18  stm32f4xx_tim.o(.text)
    TIM_SetClockDivision                     0x08003253   Thumb Code    18  stm32f4xx_tim.o(.text)
    TIM_Cmd                                  0x08003265   Thumb Code    24  stm32f4xx_tim.o(.text)
    TIM_OC1Init                              0x0800327d   Thumb Code   114  stm32f4xx_tim.o(.text)
    TIM_OC2Init                              0x080032ef   Thumb Code   154  stm32f4xx_tim.o(.text)
    TIM_OC3Init                              0x08003389   Thumb Code   204  stm32f4xx_tim.o(.text)
    TIM_OC4Init                              0x08003455   Thumb Code   112  stm32f4xx_tim.o(.text)
    TIM_OCStructInit                         0x080034c5   Thumb Code    20  stm32f4xx_tim.o(.text)
    TIM_SelectOCxM                           0x080034d9   Thumb Code    86  stm32f4xx_tim.o(.text)
    TIM_SetCompare1                          0x0800352f   Thumb Code     4  stm32f4xx_tim.o(.text)
    TIM_SetCompare2                          0x08003533   Thumb Code     4  stm32f4xx_tim.o(.text)
    TIM_SetCompare3                          0x08003537   Thumb Code     4  stm32f4xx_tim.o(.text)
    TIM_SetCompare4                          0x0800353b   Thumb Code     4  stm32f4xx_tim.o(.text)
    TIM_ForcedOC1Config                      0x0800353f   Thumb Code    18  stm32f4xx_tim.o(.text)
    TIM_ForcedOC2Config                      0x08003551   Thumb Code    26  stm32f4xx_tim.o(.text)
    TIM_ForcedOC3Config                      0x0800356b   Thumb Code    18  stm32f4xx_tim.o(.text)
    TIM_ForcedOC4Config                      0x0800357d   Thumb Code    26  stm32f4xx_tim.o(.text)
    TIM_OC1PreloadConfig                     0x08003597   Thumb Code    18  stm32f4xx_tim.o(.text)
    TIM_OC2PreloadConfig                     0x080035a9   Thumb Code    26  stm32f4xx_tim.o(.text)
    TIM_OC3PreloadConfig                     0x080035c3   Thumb Code    18  stm32f4xx_tim.o(.text)
    TIM_OC4PreloadConfig                     0x080035d5   Thumb Code    26  stm32f4xx_tim.o(.text)
    TIM_OC1FastConfig                        0x080035ef   Thumb Code    18  stm32f4xx_tim.o(.text)
    TIM_OC2FastConfig                        0x08003601   Thumb Code    26  stm32f4xx_tim.o(.text)
    TIM_OC3FastConfig                        0x0800361b   Thumb Code    18  stm32f4xx_tim.o(.text)
    TIM_OC4FastConfig                        0x0800362d   Thumb Code    26  stm32f4xx_tim.o(.text)
    TIM_ClearOC1Ref                          0x08003647   Thumb Code    18  stm32f4xx_tim.o(.text)
    TIM_ClearOC2Ref                          0x08003659   Thumb Code    24  stm32f4xx_tim.o(.text)
    TIM_ClearOC3Ref                          0x08003671   Thumb Code    18  stm32f4xx_tim.o(.text)
    TIM_ClearOC4Ref                          0x08003683   Thumb Code    24  stm32f4xx_tim.o(.text)
    TIM_OC1PolarityConfig                    0x0800369b   Thumb Code    18  stm32f4xx_tim.o(.text)
    TIM_OC1NPolarityConfig                   0x080036ad   Thumb Code    18  stm32f4xx_tim.o(.text)
    TIM_OC2PolarityConfig                    0x080036bf   Thumb Code    26  stm32f4xx_tim.o(.text)
    TIM_OC2NPolarityConfig                   0x080036d9   Thumb Code    26  stm32f4xx_tim.o(.text)
    TIM_OC3PolarityConfig                    0x080036f3   Thumb Code    26  stm32f4xx_tim.o(.text)
    TIM_OC3NPolarityConfig                   0x0800370d   Thumb Code    26  stm32f4xx_tim.o(.text)
    TIM_OC4PolarityConfig                    0x08003727   Thumb Code    26  stm32f4xx_tim.o(.text)
    TIM_CCxCmd                               0x08003741   Thumb Code    30  stm32f4xx_tim.o(.text)
    TIM_CCxNCmd                              0x0800375f   Thumb Code    30  stm32f4xx_tim.o(.text)
    TIM_SetIC4Prescaler                      0x0800377d   Thumb Code    26  stm32f4xx_tim.o(.text)
    TIM_SetIC3Prescaler                      0x080037e7   Thumb Code    18  stm32f4xx_tim.o(.text)
    TIM_SetIC2Prescaler                      0x08003841   Thumb Code    26  stm32f4xx_tim.o(.text)
    TIM_SetIC1Prescaler                      0x080038b5   Thumb Code    18  stm32f4xx_tim.o(.text)
    TIM_ICInit                               0x08003901   Thumb Code   110  stm32f4xx_tim.o(.text)
    TIM_ICStructInit                         0x0800396f   Thumb Code    18  stm32f4xx_tim.o(.text)
    TIM_PWMIConfig                           0x08003981   Thumb Code   124  stm32f4xx_tim.o(.text)
    TIM_GetCapture1                          0x080039fd   Thumb Code     6  stm32f4xx_tim.o(.text)
    TIM_GetCapture2                          0x08003a03   Thumb Code     6  stm32f4xx_tim.o(.text)
    TIM_GetCapture3                          0x08003a09   Thumb Code     6  stm32f4xx_tim.o(.text)
    TIM_GetCapture4                          0x08003a0f   Thumb Code     6  stm32f4xx_tim.o(.text)
    TIM_BDTRConfig                           0x08003a15   Thumb Code    32  stm32f4xx_tim.o(.text)
    TIM_BDTRStructInit                       0x08003a35   Thumb Code    18  stm32f4xx_tim.o(.text)
    TIM_CtrlPWMOutputs                       0x08003a47   Thumb Code    30  stm32f4xx_tim.o(.text)
    TIM_SelectCOM                            0x08003a65   Thumb Code    24  stm32f4xx_tim.o(.text)
    TIM_CCPreloadControl                     0x08003a7d   Thumb Code    24  stm32f4xx_tim.o(.text)
    TIM_ITConfig                             0x08003a95   Thumb Code    18  stm32f4xx_tim.o(.text)
    TIM_GenerateEvent                        0x08003aa7   Thumb Code     4  stm32f4xx_tim.o(.text)
    TIM_GetFlagStatus                        0x08003aab   Thumb Code    18  stm32f4xx_tim.o(.text)
    TIM_ClearFlag                            0x08003abd   Thumb Code     6  stm32f4xx_tim.o(.text)
    TIM_GetITStatus                          0x08003ac3   Thumb Code    34  stm32f4xx_tim.o(.text)
    TIM_ClearITPendingBit                    0x08003ae5   Thumb Code     6  stm32f4xx_tim.o(.text)
    TIM_DMAConfig                            0x08003aeb   Thumb Code    10  stm32f4xx_tim.o(.text)
    TIM_DMACmd                               0x08003af5   Thumb Code    18  stm32f4xx_tim.o(.text)
    TIM_SelectCCDMA                          0x08003b07   Thumb Code    24  stm32f4xx_tim.o(.text)
    TIM_InternalClockConfig                  0x08003b1f   Thumb Code    12  stm32f4xx_tim.o(.text)
    TIM_SelectInputTrigger                   0x08003b2b   Thumb Code    18  stm32f4xx_tim.o(.text)
    TIM_ITRxExternalClockConfig              0x08003b3d   Thumb Code    24  stm32f4xx_tim.o(.text)
    TIM_TIxExternalClockConfig               0x08003b55   Thumb Code    62  stm32f4xx_tim.o(.text)
    TIM_ETRConfig                            0x08003b93   Thumb Code    28  stm32f4xx_tim.o(.text)
    TIM_ETRClockMode1Config                  0x08003baf   Thumb Code    54  stm32f4xx_tim.o(.text)
    TIM_ETRClockMode2Config                  0x08003be5   Thumb Code    32  stm32f4xx_tim.o(.text)
    TIM_SelectOutputTrigger                  0x08003c05   Thumb Code    18  stm32f4xx_tim.o(.text)
    TIM_SelectSlaveMode                      0x08003c17   Thumb Code    18  stm32f4xx_tim.o(.text)
    TIM_SelectMasterSlaveMode                0x08003c29   Thumb Code    18  stm32f4xx_tim.o(.text)
    TIM_EncoderInterfaceConfig               0x08003c3b   Thumb Code    66  stm32f4xx_tim.o(.text)
    TIM_SelectHallSensor                     0x08003c7d   Thumb Code    24  stm32f4xx_tim.o(.text)
    TIM_RemapConfig                          0x08003c95   Thumb Code     6  stm32f4xx_tim.o(.text)
    __use_no_semihosting                     0x08003c9b   Thumb Code     2  use_no_semi_2.o(.text)
    __2printf                                0x08003c9d   Thumb Code    20  noretval__2printf.o(.text)
    __printf                                 0x08003cb5   Thumb Code   104  __printf.o(.text)
    _printf_int_dec                          0x08003d1d   Thumb Code   104  _printf_dec.o(.text)
    __use_two_region_memory                  0x08003d95   Thumb Code     2  heapauxi.o(.text)
    __rt_heap_escrow$2region                 0x08003d97   Thumb Code     2  heapauxi.o(.text)
    __rt_heap_expand$2region                 0x08003d99   Thumb Code     2  heapauxi.o(.text)
    __I$use$semihosting                      0x08003d9b   Thumb Code     0  use_no_semi.o(.text)
    __use_no_semihosting_swi                 0x08003d9b   Thumb Code     2  use_no_semi.o(.text)
    __read_errno                             0x08003d9d   Thumb Code    10  _rserrno.o(.text)
    __set_errno                              0x08003da7   Thumb Code    12  _rserrno.o(.text)
    _printf_int_common                       0x08003db3   Thumb Code   178  _printf_intcommon.o(.text)
    __lib_sel_fp_printf                      0x08003e65   Thumb Code     2  _printf_fp_dec.o(.text)
    _printf_fp_dec_real                      0x08004017   Thumb Code   620  _printf_fp_dec.o(.text)
    _printf_char_file                        0x08004285   Thumb Code    32  _printf_char_file.o(.text)
    __rt_locale                              0x080042a9   Thumb Code     8  rt_locale_intlibspace.o(.text)
    __aeabi_errno_addr                       0x080042b1   Thumb Code     8  rt_errno_addr_intlibspace.o(.text)
    __errno$intlibspace                      0x080042b1   Thumb Code     0  rt_errno_addr_intlibspace.o(.text)
    __rt_errno_addr$intlibspace              0x080042b1   Thumb Code     0  rt_errno_addr_intlibspace.o(.text)
    _ll_udiv10                               0x080042b9   Thumb Code   138  lludiv10.o(.text)
    _printf_char_common                      0x0800434f   Thumb Code    32  _printf_char_common.o(.text)
    _printf_fp_infnan                        0x08004375   Thumb Code   112  _printf_fp_infnan.o(.text)
    _btod_etento                             0x080043f5   Thumb Code   224  bigflt0.o(.text)
    ferror                                   0x080044d9   Thumb Code     8  ferror.o(.text)
    __user_libspace                          0x080044e1   Thumb Code     8  libspace.o(.text)
    __user_perproc_libspace                  0x080044e1   Thumb Code     0  libspace.o(.text)
    __user_perthread_libspace                0x080044e1   Thumb Code     0  libspace.o(.text)
    __user_setup_stackheap                   0x080044e9   Thumb Code    74  sys_stackheap_outer.o(.text)
    exit                                     0x08004533   Thumb Code    18  exit.o(.text)
    strcmp                                   0x08004545   Thumb Code   128  strcmpv7m.o(.text)
    _btod_d2e                                0x080045c5   Thumb Code    62  btod.o(CL$$btod_d2e)
    _d2e_denorm_low                          0x08004603   Thumb Code    70  btod.o(CL$$btod_d2e_denorm_low)
    _d2e_norm_op1                            0x08004649   Thumb Code    96  btod.o(CL$$btod_d2e_norm_op1)
    __btod_div_common                        0x080046a9   Thumb Code   696  btod.o(CL$$btod_div_common)
    _e2e                                     0x080049e1   Thumb Code   220  btod.o(CL$$btod_e2e)
    _btod_ediv                               0x08004abd   Thumb Code    42  btod.o(CL$$btod_ediv)
    _btod_emul                               0x08004ae7   Thumb Code    42  btod.o(CL$$btod_emul)
    __btod_mult_common                       0x08004b11   Thumb Code   580  btod.o(CL$$btod_mult_common)
    __ARM_fpclassify                         0x08004d55   Thumb Code    48  fpclassify.o(i.__ARM_fpclassify)
    __hardfp_asin                            0x08004d89   Thumb Code   770  asin.o(i.__hardfp_asin)
    __hardfp_atan                            0x080050e9   Thumb Code   622  atan.o(i.__hardfp_atan)
    __hardfp_atan2                           0x080053c1   Thumb Code   432  atan2.o(i.__hardfp_atan2)
    __hardfp_fabs                            0x080055b1   Thumb Code    20  fabs.o(i.__hardfp_fabs)
    __hardfp_sqrt                            0x080055c5   Thumb Code   122  sqrt.o(i.__hardfp_sqrt)
    __kernel_poly                            0x0800563f   Thumb Code   248  poly.o(i.__kernel_poly)
    __mathlib_dbl_infnan                     0x08005737   Thumb Code    20  dunder.o(i.__mathlib_dbl_infnan)
    __mathlib_dbl_infnan2                    0x0800574b   Thumb Code    20  dunder.o(i.__mathlib_dbl_infnan2)
    __mathlib_dbl_invalid                    0x08005761   Thumb Code    24  dunder.o(i.__mathlib_dbl_invalid)
    __mathlib_dbl_underflow                  0x08005781   Thumb Code    24  dunder.o(i.__mathlib_dbl_underflow)
    atan                                     0x080057a1   Thumb Code    16  atan.o(i.atan)
    fabs                                     0x080057b1   Thumb Code    24  fabs.o(i.fabs)
    sqrt                                     0x080057c9   Thumb Code   110  sqrt.o(i.sqrt)
    _get_lc_numeric                          0x08005839   Thumb Code    44  lc_numeric_c.o(locale$$code)
    __aeabi_dneg                             0x08005865   Thumb Code     0  basic.o(x$fpl$basic)
    _dneg                                    0x08005865   Thumb Code     6  basic.o(x$fpl$basic)
    __aeabi_fneg                             0x0800586b   Thumb Code     0  basic.o(x$fpl$basic)
    _fneg                                    0x0800586b   Thumb Code     6  basic.o(x$fpl$basic)
    _dabs                                    0x08005871   Thumb Code     6  basic.o(x$fpl$basic)
    _fabs                                    0x08005877   Thumb Code     6  basic.o(x$fpl$basic)
    __aeabi_d2f                              0x0800587d   Thumb Code     0  d2f.o(x$fpl$d2f)
    _d2f                                     0x0800587d   Thumb Code    98  d2f.o(x$fpl$d2f)
    __aeabi_dadd                             0x080058e1   Thumb Code     0  daddsub_clz.o(x$fpl$dadd)
    _dadd                                    0x080058e1   Thumb Code   332  daddsub_clz.o(x$fpl$dadd)
    __fpl_dcmp_Inf                           0x08005a31   Thumb Code    24  dcmpi.o(x$fpl$dcmpinf)
    __aeabi_ddiv                             0x08005a49   Thumb Code     0  ddiv.o(x$fpl$ddiv)
    _ddiv                                    0x08005a49   Thumb Code   552  ddiv.o(x$fpl$ddiv)
    __aeabi_i2d                              0x08005cf9   Thumb Code     0  dflt_clz.o(x$fpl$dflt)
    _dflt                                    0x08005cf9   Thumb Code    46  dflt_clz.o(x$fpl$dflt)
    __aeabi_cdcmple                          0x08005d29   Thumb Code     0  dleqf.o(x$fpl$dleqf)
    _dcmple                                  0x08005d29   Thumb Code   120  dleqf.o(x$fpl$dleqf)
    __fpl_dcmple_InfNaN                      0x08005d8b   Thumb Code     0  dleqf.o(x$fpl$dleqf)
    __aeabi_dmul                             0x08005da1   Thumb Code     0  dmul.o(x$fpl$dmul)
    _dmul                                    0x08005da1   Thumb Code   332  dmul.o(x$fpl$dmul)
    __fpl_dnaninf                            0x08005ef5   Thumb Code   156  dnaninf.o(x$fpl$dnaninf)
    __fpl_dretinf                            0x08005f91   Thumb Code    12  dretinf.o(x$fpl$dretinf)
    __aeabi_cdrcmple                         0x08005f9d   Thumb Code     0  drleqf.o(x$fpl$drleqf)
    _drcmple                                 0x08005f9d   Thumb Code   108  drleqf.o(x$fpl$drleqf)
    __aeabi_drsub                            0x08006009   Thumb Code     0  daddsub_clz.o(x$fpl$drsb)
    _drsb                                    0x08006009   Thumb Code    22  daddsub_clz.o(x$fpl$drsb)
    _dsqrt                                   0x08006021   Thumb Code   404  dsqrt_umaal.o(x$fpl$dsqrt)
    __aeabi_dsub                             0x080061b9   Thumb Code     0  daddsub_clz.o(x$fpl$dsub)
    _dsub                                    0x080061b9   Thumb Code   464  daddsub_clz.o(x$fpl$dsub)
    __aeabi_f2d                              0x0800638d   Thumb Code     0  f2d.o(x$fpl$f2d)
    _f2d                                     0x0800638d   Thumb Code    86  f2d.o(x$fpl$f2d)
    __fpl_fnaninf                            0x080063e3   Thumb Code   140  fnaninf.o(x$fpl$fnaninf)
    _fp_init                                 0x0800646f   Thumb Code    10  fpinit.o(x$fpl$fpinit)
    __fplib_config_fpu_vfp                   0x08006477   Thumb Code     0  fpinit.o(x$fpl$fpinit)
    __fplib_config_pureend_doubles           0x08006477   Thumb Code     0  fpinit.o(x$fpl$fpinit)
    __fpl_fretinf                            0x08006479   Thumb Code    10  fretinf.o(x$fpl$fretinf)
    _printf_fp_dec                           0x08006483   Thumb Code     4  printf1.o(x$fpl$printf1)
    __I$use$fp                               0x08006486   Number         0  usenofp.o(x$fpl$usenofp)
    __mathlib_zero                           0x08006570   Data           8  qnan.o(.constdata)
    Region$$Table$$Base                      0x0800660c   Number         0  anon$$obj.o(Region$$Table)
    Region$$Table$$Limit                     0x0800662c   Number         0  anon$$obj.o(Region$$Table)
    SystemCoreClock                          0x20000000   Data           4  system_stm32f4xx.o(.data)
    AHBPrescTable                            0x20000004   Data          16  system_stm32f4xx.o(.data)
    imu                                      0x20000014   Data         120  mpu9250.o(.data)
    q0                                       0x2000008c   Data           4  mpu9250.o(.data)
    q1                                       0x20000090   Data           4  mpu9250.o(.data)
    q2                                       0x20000094   Data           4  mpu9250.o(.data)
    q3                                       0x20000098   Data           4  mpu9250.o(.data)
    yaw_temp                                 0x2000009c   Data           4  mpu9250.o(.data)
    pitch_temp                               0x200000a0   Data           4  mpu9250.o(.data)
    roll_temp                                0x200000a4   Data           4  mpu9250.o(.data)
    last_yaw_temp                            0x200000a8   Data           4  mpu9250.o(.data)
    last_pitch_temp                          0x200000ac   Data           4  mpu9250.o(.data)
    last_roll_temp                           0x200000b0   Data           4  mpu9250.o(.data)
    __stdout                                 0x200000f4   Data           4  usart.o(.data)
    USART_RX_STA                             0x200000f8   Data           2  usart.o(.data)
    MPU6050_FIFO                             0x2000010c   Data         264  mpu9250.o(.bss)
    AK8963_FIFO                              0x20000214   Data          66  mpu9250.o(.bss)
    USART_RX_BUF                             0x20000256   Data         200  usart.o(.bss)
    __libspace_start                         0x20000320   Data          96  libspace.o(.bss)
    __temporary_stack_top$libspace           0x20000380   Data           0  libspace.o(.bss)



==============================================================================

Memory Map of the image

  Image Entry point : 0x08000189

  Load Region LR_IROM1 (Base: 0x08000000, Size: 0x00006754, Max: 0x00100000, ABSOLUTE)

    Execution Region ER_IROM1 (Exec base: 0x08000000, Load base: 0x08000000, Size: 0x00006648, Max: 0x00100000, ABSOLUTE)

    Exec Addr    Load Addr    Size         Type   Attr      Idx    E Section Name        Object

    0x08000000   0x08000000   0x00000188   Data   RO          425    RESET               startup_stm32f40_41xxx.o
    0x08000188   0x08000188   0x00000008   Code   RO          612  * !!!main             c_w.l(__main.o)
    0x08000190   0x08000190   0x00000034   Code   RO          950    !!!scatter          c_w.l(__scatter.o)
    0x080001c4   0x080001c4   0x0000001a   Code   RO          952    !!handler_copy      c_w.l(__scatter_copy.o)
    0x080001de   0x080001de   0x00000002   PAD
    0x080001e0   0x080001e0   0x0000001c   Code   RO          954    !!handler_zi        c_w.l(__scatter_zi.o)
    0x080001fc   0x080001fc   0x00000000   Code   RO          609    .ARM.Collect$$_printf_percent$$00000000  c_w.l(_printf_percent.o)
    0x080001fc   0x080001fc   0x00000006   Code   RO          608    .ARM.Collect$$_printf_percent$$00000003  c_w.l(_printf_f.o)
    0x08000202   0x08000202   0x00000006   Code   RO          607    .ARM.Collect$$_printf_percent$$00000009  c_w.l(_printf_d.o)
    0x08000208   0x08000208   0x00000004   Code   RO          687    .ARM.Collect$$_printf_percent$$00000017  c_w.l(_printf_percent_end.o)
    0x0800020c   0x0800020c   0x00000002   Code   RO          827    .ARM.Collect$$libinit$$00000000  c_w.l(libinit.o)
    0x0800020e   0x0800020e   0x00000004   Code   RO          828    .ARM.Collect$$libinit$$00000001  c_w.l(libinit2.o)
    0x08000212   0x08000212   0x00000000   Code   RO          831    .ARM.Collect$$libinit$$00000004  c_w.l(libinit2.o)
    0x08000212   0x08000212   0x00000000   Code   RO          834    .ARM.Collect$$libinit$$0000000A  c_w.l(libinit2.o)
    0x08000212   0x08000212   0x00000000   Code   RO          836    .ARM.Collect$$libinit$$0000000C  c_w.l(libinit2.o)
    0x08000212   0x08000212   0x00000000   Code   RO          838    .ARM.Collect$$libinit$$0000000E  c_w.l(libinit2.o)
    0x08000212   0x08000212   0x00000006   Code   RO          839    .ARM.Collect$$libinit$$0000000F  c_w.l(libinit2.o)
    0x08000218   0x08000218   0x00000000   Code   RO          841    .ARM.Collect$$libinit$$00000011  c_w.l(libinit2.o)
    0x08000218   0x08000218   0x00000000   Code   RO          843    .ARM.Collect$$libinit$$00000013  c_w.l(libinit2.o)
    0x08000218   0x08000218   0x00000000   Code   RO          845    .ARM.Collect$$libinit$$00000015  c_w.l(libinit2.o)
    0x08000218   0x08000218   0x0000000a   Code   RO          846    .ARM.Collect$$libinit$$00000016  c_w.l(libinit2.o)
    0x08000222   0x08000222   0x00000000   Code   RO          847    .ARM.Collect$$libinit$$00000017  c_w.l(libinit2.o)
    0x08000222   0x08000222   0x00000000   Code   RO          849    .ARM.Collect$$libinit$$00000019  c_w.l(libinit2.o)
    0x08000222   0x08000222   0x00000000   Code   RO          851    .ARM.Collect$$libinit$$0000001B  c_w.l(libinit2.o)
    0x08000222   0x08000222   0x00000000   Code   RO          853    .ARM.Collect$$libinit$$0000001D  c_w.l(libinit2.o)
    0x08000222   0x08000222   0x00000000   Code   RO          855    .ARM.Collect$$libinit$$0000001F  c_w.l(libinit2.o)
    0x08000222   0x08000222   0x00000000   Code   RO          857    .ARM.Collect$$libinit$$00000021  c_w.l(libinit2.o)
    0x08000222   0x08000222   0x00000000   Code   RO          859    .ARM.Collect$$libinit$$00000023  c_w.l(libinit2.o)
    0x08000222   0x08000222   0x00000000   Code   RO          861    .ARM.Collect$$libinit$$00000025  c_w.l(libinit2.o)
    0x08000222   0x08000222   0x00000000   Code   RO          865    .ARM.Collect$$libinit$$0000002C  c_w.l(libinit2.o)
    0x08000222   0x08000222   0x00000000   Code   RO          867    .ARM.Collect$$libinit$$0000002E  c_w.l(libinit2.o)
    0x08000222   0x08000222   0x00000000   Code   RO          869    .ARM.Collect$$libinit$$00000030  c_w.l(libinit2.o)
    0x08000222   0x08000222   0x00000000   Code   RO          871    .ARM.Collect$$libinit$$00000032  c_w.l(libinit2.o)
    0x08000222   0x08000222   0x00000002   Code   RO          872    .ARM.Collect$$libinit$$00000033  c_w.l(libinit2.o)
    0x08000224   0x08000224   0x00000002   Code   RO          900    .ARM.Collect$$libshutdown$$00000000  c_w.l(libshutdown.o)
    0x08000226   0x08000226   0x00000000   Code   RO          909    .ARM.Collect$$libshutdown$$00000002  c_w.l(libshutdown2.o)
    0x08000226   0x08000226   0x00000000   Code   RO          911    .ARM.Collect$$libshutdown$$00000004  c_w.l(libshutdown2.o)
    0x08000226   0x08000226   0x00000000   Code   RO          914    .ARM.Collect$$libshutdown$$00000007  c_w.l(libshutdown2.o)
    0x08000226   0x08000226   0x00000000   Code   RO          917    .ARM.Collect$$libshutdown$$0000000A  c_w.l(libshutdown2.o)
    0x08000226   0x08000226   0x00000000   Code   RO          919    .ARM.Collect$$libshutdown$$0000000C  c_w.l(libshutdown2.o)
    0x08000226   0x08000226   0x00000000   Code   RO          922    .ARM.Collect$$libshutdown$$0000000F  c_w.l(libshutdown2.o)
    0x08000226   0x08000226   0x00000002   Code   RO          923    .ARM.Collect$$libshutdown$$00000010  c_w.l(libshutdown2.o)
    0x08000228   0x08000228   0x00000000   Code   RO          678    .ARM.Collect$$rtentry$$00000000  c_w.l(__rtentry.o)
    0x08000228   0x08000228   0x00000000   Code   RO          745    .ARM.Collect$$rtentry$$00000002  c_w.l(__rtentry2.o)
    0x08000228   0x08000228   0x00000006   Code   RO          757    .ARM.Collect$$rtentry$$00000004  c_w.l(__rtentry4.o)
    0x0800022e   0x0800022e   0x00000000   Code   RO          747    .ARM.Collect$$rtentry$$00000009  c_w.l(__rtentry2.o)
    0x0800022e   0x0800022e   0x00000004   Code   RO          748    .ARM.Collect$$rtentry$$0000000A  c_w.l(__rtentry2.o)
    0x08000232   0x08000232   0x00000000   Code   RO          750    .ARM.Collect$$rtentry$$0000000C  c_w.l(__rtentry2.o)
    0x08000232   0x08000232   0x00000008   Code   RO          751    .ARM.Collect$$rtentry$$0000000D  c_w.l(__rtentry2.o)
    0x0800023a   0x0800023a   0x00000002   Code   RO          873    .ARM.Collect$$rtexit$$00000000  c_w.l(rtexit.o)
    0x0800023c   0x0800023c   0x00000000   Code   RO          880    .ARM.Collect$$rtexit$$00000002  c_w.l(rtexit2.o)
    0x0800023c   0x0800023c   0x00000004   Code   RO          881    .ARM.Collect$$rtexit$$00000003  c_w.l(rtexit2.o)
    0x08000240   0x08000240   0x00000006   Code   RO          882    .ARM.Collect$$rtexit$$00000004  c_w.l(rtexit2.o)
    0x08000246   0x08000246   0x00000002   PAD
    0x08000248   0x08000248   0x000000b4   Code   RO            3    .text               main.o
    0x080002fc   0x080002fc   0x0000001a   Code   RO          167    .text               stm32f4xx_it.o
    0x08000316   0x08000316   0x00000002   PAD
    0x08000318   0x08000318   0x00000210   Code   RO          216    .text               system_stm32f4xx.o
    0x08000528   0x08000528   0x00000022   Code   RO          242    .text               driver.o
    0x0800054a   0x0800054a   0x00000002   PAD
    0x0800054c   0x0800054c   0x0000003c   Code   RO          262    .text               led.o
    0x08000588   0x08000588   0x00000284   Code   RO          282    .text               myiic.o
    0x0800080c   0x0800080c   0x000016c0   Code   RO          302    .text               mpu9250.o
    0x08001ecc   0x08001ecc   0x0000006a   Code   RO          331    .text               timer.o
    0x08001f36   0x08001f36   0x00000002   PAD
    0x08001f38   0x08001f38   0x00000104   Code   RO          354    .text               delay.o
    0x0800203c   0x0800203c   0x00000158   Code   RO          394    .text               usart.o
    0x08002194   0x08002194   0x00000040   Code   RO          426    .text               startup_stm32f40_41xxx.o
    0x080021d4   0x080021d4   0x000000e0   Code   RO          432    .text               misc.o
    0x080022b4   0x080022b4   0x00000294   Code   RO          475    .text               stm32f4xx_gpio.o
    0x08002548   0x08002548   0x0000065c   Code   RO          495    .text               stm32f4xx_rcc.o
    0x08002ba4   0x08002ba4   0x00000454   Code   RO          537    .text               stm32f4xx_usart.o
    0x08002ff8   0x08002ff8   0x00000ca2   Code   RO          557    .text               stm32f4xx_tim.o
    0x08003c9a   0x08003c9a   0x00000002   Code   RO          577    .text               c_w.l(use_no_semi_2.o)
    0x08003c9c   0x08003c9c   0x00000018   Code   RO          581    .text               c_w.l(noretval__2printf.o)
    0x08003cb4   0x08003cb4   0x00000068   Code   RO          583    .text               c_w.l(__printf.o)
    0x08003d1c   0x08003d1c   0x00000078   Code   RO          585    .text               c_w.l(_printf_dec.o)
    0x08003d94   0x08003d94   0x00000006   Code   RO          610    .text               c_w.l(heapauxi.o)
    0x08003d9a   0x08003d9a   0x00000002   Code   RO          676    .text               c_w.l(use_no_semi.o)
    0x08003d9c   0x08003d9c   0x00000016   Code   RO          679    .text               c_w.l(_rserrno.o)
    0x08003db2   0x08003db2   0x000000b2   Code   RO          681    .text               c_w.l(_printf_intcommon.o)
    0x08003e64   0x08003e64   0x0000041e   Code   RO          683    .text               c_w.l(_printf_fp_dec.o)
    0x08004282   0x08004282   0x00000002   PAD
    0x08004284   0x08004284   0x00000024   Code   RO          685    .text               c_w.l(_printf_char_file.o)
    0x080042a8   0x080042a8   0x00000008   Code   RO          762    .text               c_w.l(rt_locale_intlibspace.o)
    0x080042b0   0x080042b0   0x00000008   Code   RO          767    .text               c_w.l(rt_errno_addr_intlibspace.o)
    0x080042b8   0x080042b8   0x0000008a   Code   RO          769    .text               c_w.l(lludiv10.o)
    0x08004342   0x08004342   0x00000002   PAD
    0x08004344   0x08004344   0x00000030   Code   RO          771    .text               c_w.l(_printf_char_common.o)
    0x08004374   0x08004374   0x00000080   Code   RO          773    .text               c_w.l(_printf_fp_infnan.o)
    0x080043f4   0x080043f4   0x000000e4   Code   RO          775    .text               c_w.l(bigflt0.o)
    0x080044d8   0x080044d8   0x00000008   Code   RO          800    .text               c_w.l(ferror.o)
    0x080044e0   0x080044e0   0x00000008   Code   RO          811    .text               c_w.l(libspace.o)
    0x080044e8   0x080044e8   0x0000004a   Code   RO          814    .text               c_w.l(sys_stackheap_outer.o)
    0x08004532   0x08004532   0x00000012   Code   RO          818    .text               c_w.l(exit.o)
    0x08004544   0x08004544   0x00000080   Code   RO          820    .text               c_w.l(strcmpv7m.o)
    0x080045c4   0x080045c4   0x0000003e   Code   RO          778    CL$$btod_d2e        c_w.l(btod.o)
    0x08004602   0x08004602   0x00000046   Code   RO          780    CL$$btod_d2e_denorm_low  c_w.l(btod.o)
    0x08004648   0x08004648   0x00000060   Code   RO          779    CL$$btod_d2e_norm_op1  c_w.l(btod.o)
    0x080046a8   0x080046a8   0x00000338   Code   RO          788    CL$$btod_div_common  c_w.l(btod.o)
    0x080049e0   0x080049e0   0x000000dc   Code   RO          785    CL$$btod_e2e        c_w.l(btod.o)
    0x08004abc   0x08004abc   0x0000002a   Code   RO          782    CL$$btod_ediv       c_w.l(btod.o)
    0x08004ae6   0x08004ae6   0x0000002a   Code   RO          781    CL$$btod_emul       c_w.l(btod.o)
    0x08004b10   0x08004b10   0x00000244   Code   RO          787    CL$$btod_mult_common  c_w.l(btod.o)
    0x08004d54   0x08004d54   0x00000030   Code   RO          739    i.__ARM_fpclassify  m_wm.l(fpclassify.o)
    0x08004d84   0x08004d84   0x00000004   PAD
    0x08004d88   0x08004d88   0x00000360   Code   RO          632    i.__hardfp_asin     m_wm.l(asin.o)
    0x080050e8   0x080050e8   0x000002d8   Code   RO          711    i.__hardfp_atan     m_wm.l(atan.o)
    0x080053c0   0x080053c0   0x000001f0   Code   RO          646    i.__hardfp_atan2    m_wm.l(atan2.o)
    0x080055b0   0x080055b0   0x00000014   Code   RO          658    i.__hardfp_fabs     m_wm.l(fabs.o)
    0x080055c4   0x080055c4   0x0000007a   Code   RO          664    i.__hardfp_sqrt     m_wm.l(sqrt.o)
    0x0800563e   0x0800563e   0x000000f8   Code   RO          741    i.__kernel_poly     m_wm.l(poly.o)
    0x08005736   0x08005736   0x00000014   Code   RO          726    i.__mathlib_dbl_infnan  m_wm.l(dunder.o)
    0x0800574a   0x0800574a   0x00000014   Code   RO          727    i.__mathlib_dbl_infnan2  m_wm.l(dunder.o)
    0x0800575e   0x0800575e   0x00000002   PAD
    0x08005760   0x08005760   0x00000020   Code   RO          728    i.__mathlib_dbl_invalid  m_wm.l(dunder.o)
    0x08005780   0x08005780   0x00000020   Code   RO          731    i.__mathlib_dbl_underflow  m_wm.l(dunder.o)
    0x080057a0   0x080057a0   0x00000010   Code   RO          713    i.atan              m_wm.l(atan.o)
    0x080057b0   0x080057b0   0x00000018   Code   RO          660    i.fabs              m_wm.l(fabs.o)
    0x080057c8   0x080057c8   0x0000006e   Code   RO          666    i.sqrt              m_wm.l(sqrt.o)
    0x08005836   0x08005836   0x00000002   PAD
    0x08005838   0x08005838   0x0000002c   Code   RO          805    locale$$code        c_w.l(lc_numeric_c.o)
    0x08005864   0x08005864   0x00000018   Code   RO          614    x$fpl$basic         fz_wm.l(basic.o)
    0x0800587c   0x0800587c   0x00000062   Code   RO          616    x$fpl$d2f           fz_wm.l(d2f.o)
    0x080058de   0x080058de   0x00000002   PAD
    0x080058e0   0x080058e0   0x00000150   Code   RO          688    x$fpl$dadd          fz_wm.l(daddsub_clz.o)
    0x08005a30   0x08005a30   0x00000018   Code   RO          807    x$fpl$dcmpinf       fz_wm.l(dcmpi.o)
    0x08005a48   0x08005a48   0x000002b0   Code   RO          695    x$fpl$ddiv          fz_wm.l(ddiv.o)
    0x08005cf8   0x08005cf8   0x0000002e   Code   RO          619    x$fpl$dflt          fz_wm.l(dflt_clz.o)
    0x08005d26   0x08005d26   0x00000002   PAD
    0x08005d28   0x08005d28   0x00000078   Code   RO          698    x$fpl$dleqf         fz_wm.l(dleqf.o)
    0x08005da0   0x08005da0   0x00000154   Code   RO          624    x$fpl$dmul          fz_wm.l(dmul.o)
    0x08005ef4   0x08005ef4   0x0000009c   Code   RO          700    x$fpl$dnaninf       fz_wm.l(dnaninf.o)
    0x08005f90   0x08005f90   0x0000000c   Code   RO          702    x$fpl$dretinf       fz_wm.l(dretinf.o)
    0x08005f9c   0x08005f9c   0x0000006c   Code   RO          626    x$fpl$drleqf        fz_wm.l(drleqf.o)
    0x08006008   0x08006008   0x00000016   Code   RO          689    x$fpl$drsb          fz_wm.l(daddsub_clz.o)
    0x0800601e   0x0800601e   0x00000002   PAD
    0x08006020   0x08006020   0x00000198   Code   RO          704    x$fpl$dsqrt         fz_wm.l(dsqrt_umaal.o)
    0x080061b8   0x080061b8   0x000001d4   Code   RO          690    x$fpl$dsub          fz_wm.l(daddsub_clz.o)
    0x0800638c   0x0800638c   0x00000056   Code   RO          628    x$fpl$f2d           fz_wm.l(f2d.o)
    0x080063e2   0x080063e2   0x0000008c   Code   RO          706    x$fpl$fnaninf       fz_wm.l(fnaninf.o)
    0x0800646e   0x0800646e   0x0000000a   Code   RO          877    x$fpl$fpinit        fz_wm.l(fpinit.o)
    0x08006478   0x08006478   0x0000000a   Code   RO          708    x$fpl$fretinf       fz_wm.l(fretinf.o)
    0x08006482   0x08006482   0x00000004   Code   RO          630    x$fpl$printf1       fz_wm.l(printf1.o)
    0x08006486   0x08006486   0x00000000   Code   RO          710    x$fpl$usenofp       fz_wm.l(usenofp.o)
    0x08006486   0x08006486   0x00000002   PAD
    0x08006488   0x08006488   0x00000050   Data   RO          635    .constdata          m_wm.l(asin.o)
    0x080064d8   0x080064d8   0x00000098   Data   RO          714    .constdata          m_wm.l(atan.o)
    0x08006570   0x08006570   0x00000008   Data   RO          743    .constdata          m_wm.l(qnan.o)
    0x08006578   0x08006578   0x00000094   Data   RO          776    .constdata          c_w.l(bigflt0.o)
    0x0800660c   0x0800660c   0x00000020   Data   RO          948    Region$$Table       anon$$obj.o
    0x0800662c   0x0800662c   0x0000001c   Data   RO          804    locale$$data        c_w.l(lc_numeric_c.o)


    Execution Region RW_IRAM1 (Exec base: 0x20000000, Load base: 0x08006648, Size: 0x00000a80, Max: 0x00020000, ABSOLUTE)

    Exec Addr    Load Addr    Size         Type   Attr      Idx    E Section Name        Object

    0x20000000   0x08006648   0x00000014   Data   RW          217    .data               system_stm32f4xx.o
    0x20000014   0x0800665c   0x000000dc   Data   RW          305    .data               mpu9250.o
    0x200000f0   0x08006738   0x00000004   Data   RW          355    .data               delay.o
    0x200000f4   0x0800673c   0x00000006   Data   RW          396    .data               usart.o
    0x200000fa   0x08006742   0x00000010   Data   RW          496    .data               stm32f4xx_rcc.o
    0x2000010a   0x08006752   0x00000002   PAD
    0x2000010c        -       0x0000014a   Zero   RW          303    .bss                mpu9250.o
    0x20000256        -       0x000000c8   Zero   RW          395    .bss                usart.o
    0x2000031e   0x08006752   0x00000002   PAD
    0x20000320        -       0x00000060   Zero   RW          812    .bss                c_w.l(libspace.o)
    0x20000380        -       0x00000200   Zero   RW          424    HEAP                startup_stm32f40_41xxx.o
    0x20000580        -       0x00000500   Zero   RW          423    STACK               startup_stm32f40_41xxx.o


==============================================================================

Image component sizes


      Code (inc. data)   RO Data    RW Data    ZI Data      Debug   Object Name

       260          8          0          4          0       1565   delay.o
        34          0          0          0          0        546   driver.o
        60          4          0          0          0        567   led.o
       180         48          0          0          0     282359   main.o
       224         20          0          0          0       1905   misc.o
      5824        370          0        220        330      13505   mpu9250.o
       644         12          0          0          0       1980   myiic.o
        64         26        392          0       1792        876   startup_stm32f40_41xxx.o
       660         44          0          0          0       4245   stm32f4xx_gpio.o
        26          0          0          0          0       1266   stm32f4xx_it.o
      1628         52          0         16          0      13164   stm32f4xx_rcc.o
      3234         60          0          0          0      23100   stm32f4xx_tim.o
      1108         34          0          0          0       7968   stm32f4xx_usart.o
       528         46          0         20          0       1907   system_stm32f4xx.o
       106          0          0          0          0        937   timer.o
       344         22          0          6        200       3434   usart.o

    ----------------------------------------------------------------------
     14930        746        424        268       2324     359324   Object Totals
         0          0         32          0          0          0   (incl. Generated)
         6          0          0          2          2          0   (incl. Padding)

    ----------------------------------------------------------------------

      Code (inc. data)   RO Data    RW Data    ZI Data      Debug   Library Member Name

         8          0          0          0          0         68   __main.o
       104          0          0          0          0         84   __printf.o
         0          0          0          0          0          0   __rtentry.o
        12          0          0          0          0          0   __rtentry2.o
         6          0          0          0          0          0   __rtentry4.o
        52          8          0          0          0          0   __scatter.o
        26          0          0          0          0          0   __scatter_copy.o
        28          0          0          0          0          0   __scatter_zi.o
        48          6          0          0          0         96   _printf_char_common.o
        36          4          0          0          0         80   _printf_char_file.o
         6          0          0          0          0          0   _printf_d.o
       120         16          0          0          0         92   _printf_dec.o
         6          0          0          0          0          0   _printf_f.o
      1054          0          0          0          0        216   _printf_fp_dec.o
       128         16          0          0          0         84   _printf_fp_infnan.o
       178          0          0          0          0         88   _printf_intcommon.o
         0          0          0          0          0          0   _printf_percent.o
         4          0          0          0          0          0   _printf_percent_end.o
        22          0          0          0          0        100   _rserrno.o
       228          4        148          0          0         96   bigflt0.o
      1936        128          0          0          0        672   btod.o
        18          0          0          0          0         80   exit.o
         8          0          0          0          0         68   ferror.o
         6          0          0          0          0        152   heapauxi.o
        44         10         28          0          0         76   lc_numeric_c.o
         2          0          0          0          0          0   libinit.o
        22          0          0          0          0          0   libinit2.o
         2          0          0          0          0          0   libshutdown.o
         2          0          0          0          0          0   libshutdown2.o
         8          4          0          0         96         68   libspace.o
       138          0          0          0          0         80   lludiv10.o
        24          4          0          0          0         84   noretval__2printf.o
         8          4          0          0          0         68   rt_errno_addr_intlibspace.o
         8          4          0          0          0         68   rt_locale_intlibspace.o
         2          0          0          0          0          0   rtexit.o
        10          0          0          0          0          0   rtexit2.o
       128          0          0          0          0         68   strcmpv7m.o
        74          0          0          0          0         80   sys_stackheap_outer.o
         2          0          0          0          0         68   use_no_semi.o
         2          0          0          0          0         68   use_no_semi_2.o
        24          0          0          0          0        164   basic.o
        98          4          0          0          0        140   d2f.o
       826         16          0          0          0        492   daddsub_clz.o
        24          0          0          0          0        116   dcmpi.o
       688        140          0          0          0        256   ddiv.o
        46          0          0          0          0        116   dflt_clz.o
       120          4          0          0          0        140   dleqf.o
       340         12          0          0          0        152   dmul.o
       156          4          0          0          0        140   dnaninf.o
        12          0          0          0          0        116   dretinf.o
       108          0          0          0          0        128   drleqf.o
       408         56          0          0          0        168   dsqrt_umaal.o
        86          4          0          0          0        132   f2d.o
       140          4          0          0          0        132   fnaninf.o
        10          0          0          0          0        116   fpinit.o
        10          0          0          0          0        116   fretinf.o
         4          0          0          0          0        116   printf1.o
         0          0          0          0          0          0   usenofp.o
       864         94         80          0          0        280   asin.o
       744        106        152          0          0        352   atan.o
       496         64          0          0          0        192   atan2.o
       104         16          0          0          0        496   dunder.o
        44          0          0          0          0        248   fabs.o
        48          0          0          0          0        124   fpclassify.o
       248          0          0          0          0        152   poly.o
         0          0          8          0          0          0   qnan.o
       232          0          0          0          0        296   sqrt.o

    ----------------------------------------------------------------------
     10414        732        416          0         96       7584   Library Totals
        24          0          0          0          0          0   (incl. Padding)

    ----------------------------------------------------------------------

      Code (inc. data)   RO Data    RW Data    ZI Data      Debug   Library Name

      4510        208        176          0         96       2704   c_w.l
      3100        244          0          0          0       2740   fz_wm.l
      2780        280        240          0          0       2140   m_wm.l

    ----------------------------------------------------------------------
     10414        732        416          0         96       7584   Library Totals

    ----------------------------------------------------------------------

==============================================================================


      Code (inc. data)   RO Data    RW Data    ZI Data      Debug   

     25344       1478        840        268       2420     359452   Grand Totals
     25344       1478        840        268       2420     359452   ELF Image Totals
     25344       1478        840        268          0          0   ROM Totals

==============================================================================

    Total RO  Size (Code + RO Data)                26184 (  25.57kB)
    Total RW  Size (RW Data + ZI Data)              2688 (   2.63kB)
    Total ROM Size (Code + RO Data + RW Data)      26452 (  25.83kB)

==============================================================================

