<html>
<body>
<pre>
<h1>礦ision Build Log</h1>
<h2>Tool Versions:</h2>
IDE-Version: μVision V5.25.2.0
Copyright (C) 2018 ARM Ltd and ARM Germany GmbH. All rights reserved.
License Information: Huiever Li, SCU, LIC=LSNNN-YTZAI-T32MI-TFQUA-PE1BR-RPHX5
 
Tool Versions:
Toolchain:       MDK-ARM Plus  Version: 5.25.2.0
Toolchain Path:  D:\Keil_v5\ARM\ARMCC\Bin
C Compiler:      Armcc.exe V5.06 update 6 (build 750)
Assembler:       Armasm.exe V5.06 update 6 (build 750)
Linker/Locator:  ArmLink.exe V5.06 update 6 (build 750)
Library Manager: ArmAr.exe V5.06 update 6 (build 750)
Hex Converter:   FromElf.exe V5.06 update 6 (build 750)
CPU DLL:         SARMCM3.DLL V5.25.2.0
Dialog DLL:      DCM.DLL V1.17.1.0
Target DLL:      Segger\JL2CM3.dll V2.99.29.0
Dialog DLL:      TCM.DLL V1.35.1.0
 
<h2>Project:</h2>
E:\@Keep Learng\各种比赛\RM\!gitlab\2019-sentry-gimbal\external_imu\MPU9250_AHRS\USER\MPU9250.uvprojx
Project File Date:  01/11/2019

<h2>Output:</h2>
*** Using Compiler 'V5.06 update 6 (build 750)', folder: 'D:\Keil_v5\ARM\ARMCC\Bin'
Build target 'MPU9250'
compiling system_stm32f4xx.c...
compiling stm32f4xx_it.c...
compiling main.c...
..\HARDWARE\DRIVER\driver.h(11): warning:  #1-D: last line of file ends without a newline
   
main.c: 1 warning, 0 errors
compiling driver.c...
..\HARDWARE\DRIVER\driver.h(11): warning:  #1-D: last line of file ends without a newline
   
..\HARDWARE\DRIVER\driver.c: 1 warning, 0 errors
compiling led.c...
compiling myiic.c...
compiling delay.c...
compiling timer.c...
compiling mpu9250.c...
..\HARDWARE\mpu9250\mpu9250.c(69): warning:  #185-D: dynamic initialization in unreachable code
  		uint8_t MPU6500_Init_Data[6][2] = {
..\HARDWARE\mpu9250\mpu9250.c: 1 warning, 0 errors
assembling startup_stm32f40_41xxx.s...
compiling sys.c...
compiling usart.c...
compiling misc.c...
compiling stm32f4xx_gpio.c...
compiling stm32f4xx_fsmc.c...
compiling stm32f4xx_rcc.c...
compiling stm32f4xx_syscfg.c...
compiling stm32f4xx_usart.c...
compiling stm32f4xx_tim.c...
linking...
Program Size: Code=25344 RO-data=840 RW-data=268 ZI-data=2420  
FromELF: creating hex file...
"..\OBJ\MPU9250.axf" - 0 Error(s), 3 Warning(s).

<h2>Software Packages used:</h2>

Package Vendor: Keil
                http://www.keil.com/pack/Keil.STM32F4xx_DFP.2.13.0.pack
                Keil.STM32F4xx_DFP.2.13.0
                STMicroelectronics STM32F4 Series Device Support, Drivers and Examples

<h2>Collection of Component include folders:</h2>
  .\RTE\_MPU9250
  D:\Keil_v5\ARM\PACK\Keil\STM32F4xx_DFP\2.13.0\Drivers\CMSIS\Device\ST\STM32F4xx\Include

<h2>Collection of Component Files used:</h2>
Build Time Elapsed:  00:00:08
</pre>
</body>
</html>
